../Drivers/STM32WBxx_HAL_Driver/Inc/stm32wbxx_ll_rcc.h:1679:22:LL_RCC_LSE_SetDriveCapability	16	static
../Drivers/STM32WBxx_HAL_Driver/Inc/stm32wbxx_ll_bus.h:539:22:LL_AHB2_GRP1_EnableClock	24	static
../Core/Src/main.c:75:5:main	8	static
../Core/Src/main.c:125:6:SystemClock_Config	112	static
../Core/Src/main.c:191:6:PeriphCommonClock_Config	88	static
../Core/Src/main.c:215:13:MX_MEMORYMAP_Init	4	static
../Core/Src/main.c:236:13:MX_TIM16_Init	8	static
../Core/Src/main.c:268:13:MX_USART1_UART_Init	8	static
../Core/Src/main.c:316:13:MX_USB_PCD_Init	8	static
../Core/Src/main.c:349:13:MX_GPIO_Init	32	static
../Core/Src/main.c:395:6:Error_Handler	4	static,ignoring_inline_asm
