Archive member included to satisfy reference by file (symbol)

C:/ST/STM32CubeIDE_1.13.0/STM32CubeIDE/plugins/com.st.stm32cube.ide.mcu.externaltools.gnu-tools-for-stm32.11.3.rel1.win32_1.1.0.202305231506/tools/bin/../lib/gcc/arm-none-eabi/11.3.1/../../../../arm-none-eabi/lib/thumb/v7e-m+fp/hard\libc_nano.a(libc_a-exit.o)
                              C:/ST/STM32CubeIDE_1.13.0/STM32CubeIDE/plugins/com.st.stm32cube.ide.mcu.externaltools.gnu-tools-for-stm32.11.3.rel1.win32_1.1.0.202305231506/tools/bin/../lib/gcc/arm-none-eabi/11.3.1/../../../../arm-none-eabi/lib/thumb/v7e-m+fp/hard/crt0.o (exit)
C:/ST/STM32CubeIDE_1.13.0/STM32CubeIDE/plugins/com.st.stm32cube.ide.mcu.externaltools.gnu-tools-for-stm32.11.3.rel1.win32_1.1.0.202305231506/tools/bin/../lib/gcc/arm-none-eabi/11.3.1/../../../../arm-none-eabi/lib/thumb/v7e-m+fp/hard\libc_nano.a(libc_a-findfp.o)
                              C:/ST/STM32CubeIDE_1.13.0/STM32CubeIDE/plugins/com.st.stm32cube.ide.mcu.externaltools.gnu-tools-for-stm32.11.3.rel1.win32_1.1.0.202305231506/tools/bin/../lib/gcc/arm-none-eabi/11.3.1/../../../../arm-none-eabi/lib/thumb/v7e-m+fp/hard\libc_nano.a(libc_a-exit.o) (__stdio_exit_handler)
C:/ST/STM32CubeIDE_1.13.0/STM32CubeIDE/plugins/com.st.stm32cube.ide.mcu.externaltools.gnu-tools-for-stm32.11.3.rel1.win32_1.1.0.202305231506/tools/bin/../lib/gcc/arm-none-eabi/11.3.1/../../../../arm-none-eabi/lib/thumb/v7e-m+fp/hard\libc_nano.a(libc_a-fwalk.o)
                              C:/ST/STM32CubeIDE_1.13.0/STM32CubeIDE/plugins/com.st.stm32cube.ide.mcu.externaltools.gnu-tools-for-stm32.11.3.rel1.win32_1.1.0.202305231506/tools/bin/../lib/gcc/arm-none-eabi/11.3.1/../../../../arm-none-eabi/lib/thumb/v7e-m+fp/hard\libc_nano.a(libc_a-findfp.o) (_fwalk_sglue)
C:/ST/STM32CubeIDE_1.13.0/STM32CubeIDE/plugins/com.st.stm32cube.ide.mcu.externaltools.gnu-tools-for-stm32.11.3.rel1.win32_1.1.0.202305231506/tools/bin/../lib/gcc/arm-none-eabi/11.3.1/../../../../arm-none-eabi/lib/thumb/v7e-m+fp/hard\libc_nano.a(libc_a-stdio.o)
                              C:/ST/STM32CubeIDE_1.13.0/STM32CubeIDE/plugins/com.st.stm32cube.ide.mcu.externaltools.gnu-tools-for-stm32.11.3.rel1.win32_1.1.0.202305231506/tools/bin/../lib/gcc/arm-none-eabi/11.3.1/../../../../arm-none-eabi/lib/thumb/v7e-m+fp/hard\libc_nano.a(libc_a-findfp.o) (__sread)
C:/ST/STM32CubeIDE_1.13.0/STM32CubeIDE/plugins/com.st.stm32cube.ide.mcu.externaltools.gnu-tools-for-stm32.11.3.rel1.win32_1.1.0.202305231506/tools/bin/../lib/gcc/arm-none-eabi/11.3.1/../../../../arm-none-eabi/lib/thumb/v7e-m+fp/hard\libc_nano.a(libc_a-memset.o)
                              C:/ST/STM32CubeIDE_1.13.0/STM32CubeIDE/plugins/com.st.stm32cube.ide.mcu.externaltools.gnu-tools-for-stm32.11.3.rel1.win32_1.1.0.202305231506/tools/bin/../lib/gcc/arm-none-eabi/11.3.1/../../../../arm-none-eabi/lib/thumb/v7e-m+fp/hard/crt0.o (memset)
C:/ST/STM32CubeIDE_1.13.0/STM32CubeIDE/plugins/com.st.stm32cube.ide.mcu.externaltools.gnu-tools-for-stm32.11.3.rel1.win32_1.1.0.202305231506/tools/bin/../lib/gcc/arm-none-eabi/11.3.1/../../../../arm-none-eabi/lib/thumb/v7e-m+fp/hard\libc_nano.a(libc_a-closer.o)
                              C:/ST/STM32CubeIDE_1.13.0/STM32CubeIDE/plugins/com.st.stm32cube.ide.mcu.externaltools.gnu-tools-for-stm32.11.3.rel1.win32_1.1.0.202305231506/tools/bin/../lib/gcc/arm-none-eabi/11.3.1/../../../../arm-none-eabi/lib/thumb/v7e-m+fp/hard\libc_nano.a(libc_a-stdio.o) (_close_r)
C:/ST/STM32CubeIDE_1.13.0/STM32CubeIDE/plugins/com.st.stm32cube.ide.mcu.externaltools.gnu-tools-for-stm32.11.3.rel1.win32_1.1.0.202305231506/tools/bin/../lib/gcc/arm-none-eabi/11.3.1/../../../../arm-none-eabi/lib/thumb/v7e-m+fp/hard\libc_nano.a(libc_a-reent.o)
                              C:/ST/STM32CubeIDE_1.13.0/STM32CubeIDE/plugins/com.st.stm32cube.ide.mcu.externaltools.gnu-tools-for-stm32.11.3.rel1.win32_1.1.0.202305231506/tools/bin/../lib/gcc/arm-none-eabi/11.3.1/../../../../arm-none-eabi/lib/thumb/v7e-m+fp/hard\libc_nano.a(libc_a-closer.o) (errno)
C:/ST/STM32CubeIDE_1.13.0/STM32CubeIDE/plugins/com.st.stm32cube.ide.mcu.externaltools.gnu-tools-for-stm32.11.3.rel1.win32_1.1.0.202305231506/tools/bin/../lib/gcc/arm-none-eabi/11.3.1/../../../../arm-none-eabi/lib/thumb/v7e-m+fp/hard\libc_nano.a(libc_a-impure.o)
                              C:/ST/STM32CubeIDE_1.13.0/STM32CubeIDE/plugins/com.st.stm32cube.ide.mcu.externaltools.gnu-tools-for-stm32.11.3.rel1.win32_1.1.0.202305231506/tools/bin/../lib/gcc/arm-none-eabi/11.3.1/../../../../arm-none-eabi/lib/thumb/v7e-m+fp/hard\libc_nano.a(libc_a-reent.o) (_impure_ptr)
C:/ST/STM32CubeIDE_1.13.0/STM32CubeIDE/plugins/com.st.stm32cube.ide.mcu.externaltools.gnu-tools-for-stm32.11.3.rel1.win32_1.1.0.202305231506/tools/bin/../lib/gcc/arm-none-eabi/11.3.1/../../../../arm-none-eabi/lib/thumb/v7e-m+fp/hard\libc_nano.a(libc_a-lseekr.o)
[...]
Memory Configuration

Name             Origin             Length             Attributes
FLASH            0x0000000008000000 0x0000000000080000 xr
RAM1             0x0000000020000008 0x000000000002fff8 xrw
RAM_SHARED       0x0000000020030000 0x0000000000002800 xrw
*default*        0x0000000000000000 0xffffffffffffffff

Linker script and memory map

LOAD C:/ST/STM32CubeIDE_1.13.0/STM32CubeIDE/plugins/com.st.stm32cube.ide.mcu.externaltools.gnu-tools-for-stm32.11.3.rel1.win32_1.1.0.202305231506/tools/bin/../lib/gcc/arm-none-eabi/11.3.1/thumb/v7e-m+fp/hard/crti.o
LOAD C:/ST/STM32CubeIDE_1.13.0/STM32CubeIDE/plugins/com.st.stm32cube.ide.mcu.externaltools.gnu-tools-for-stm32.11.3.rel1.win32_1.1.0.202305231506/tools/bin/../lib/gcc/arm-none-eabi/11.3.1/thumb/v7e-m+fp/hard/crtbegin.o
LOAD C:/ST/STM32CubeIDE_1.13.0/STM32CubeIDE/plugins/com.st.stm32cube.ide.mcu.externaltools.gnu-tools-for-stm32.11.3.rel1.win32_1.1.0.202305231506/tools/bin/../lib/gcc/arm-none-eabi/11.3.1/../../../../arm-none-eabi/lib/thumb/v7e-m+fp/hard/crt0.o
LOAD ./Core/Src/main.o
LOAD ./Core/Src/stm32wbxx_hal_msp.o
LOAD ./Core/Src/stm32wbxx_it.o
LOAD ./Core/Src/syscalls.o
LOAD ./Core/Src/sysmem.o
LOAD ./Core/Src/system_stm32wbxx.o
LOAD ./Core/Startup/startup_stm32wb55rgvx.o
LOAD ./Drivers/STM32WBxx_HAL_Driver/Src/stm32wbxx_hal.o
LOAD ./Drivers/STM32WBxx_HAL_Driver/Src/stm32wbxx_hal_cortex.o
LOAD ./Drivers/STM32WBxx_HAL_Driver/Src/stm32wbxx_hal_dma.o
LOAD ./Drivers/STM32WBxx_HAL_Driver/Src/stm32wbxx_hal_dma_ex.o
LOAD ./Drivers/STM32WBxx_HAL_Driver/Src/stm32wbxx_hal_exti.o
LOAD ./Drivers/STM32WBxx_HAL_Driver/Src/stm32wbxx_hal_flash.o
LOAD ./Drivers/STM32WBxx_HAL_Driver/Src/stm32wbxx_hal_flash_ex.o
LOAD ./Drivers/STM32WBxx_HAL_Driver/Src/stm32wbxx_hal_gpio.o
LOAD ./Drivers/STM32WBxx_HAL_Driver/Src/stm32wbxx_hal_hsem.o
LOAD ./Drivers/STM32WBxx_HAL_Driver/Src/stm32wbxx_hal_pcd.o
LOAD ./Drivers/STM32WBxx_HAL_Driver/Src/stm32wbxx_hal_pcd_ex.o
LOAD ./Drivers/STM32WBxx_HAL_Driver/Src/stm32wbxx_hal_pwr.o
LOAD ./Drivers/STM32WBxx_HAL_Driver/Src/stm32wbxx_hal_pwr_ex.o
LOAD ./Drivers/STM32WBxx_HAL_Driver/Src/stm32wbxx_hal_rcc.o
LOAD ./Drivers/STM32WBxx_HAL_Driver/Src/stm32wbxx_hal_rcc_ex.o
LOAD ./Drivers/STM32WBxx_HAL_Driver/Src/stm32wbxx_hal_tim.o
LOAD ./Drivers/STM32WBxx_HAL_Driver/Src/stm32wbxx_hal_tim_ex.o
LOAD ./Drivers/STM32WBxx_HAL_Driver/Src/stm32wbxx_hal_uart.o
LOAD ./Drivers/STM32WBxx_HAL_Driver/Src/stm32wbxx_hal_uart_ex.o
LOAD ./Drivers/STM32WBxx_HAL_Driver/Src/stm32wbxx_ll_rcc.o
LOAD ./Drivers/STM32WBxx_HAL_Driver/Src/stm32wbxx_ll_usb.o
START GROUP
LOAD C:/ST/STM32CubeIDE_1.13.0/STM32CubeIDE/plugins/com.st.stm32cube.ide.mcu.externaltools.gnu-tools-for-stm32.11.3.rel1.win32_1.1.0.202305231506/tools/bin/../lib/gcc/arm-none-eabi/11.3.1/../../../../arm-none-eabi/lib/thumb/v7e-m+fp/hard\libc_nano.a
LOAD C:/ST/STM32CubeIDE_1.13.0/STM32CubeIDE/plugins/com.st.stm32cube.ide.mcu.externaltools.gnu-tools-for-stm32.11.3.rel1.win32_1.1.0.202305231506/tools/bin/../lib/gcc/arm-none-eabi/11.3.1/../../../../arm-none-eabi/lib/thumb/v7e-m+fp/hard\libm.a
END GROUP
START GROUP
LOAD C:/ST/STM32CubeIDE_1.13.0/STM32CubeIDE/plugins/com.st.stm32cube.ide.mcu.externaltools.gnu-tools-for-stm32.11.3.rel1.win32_1.1.0.202305231506/tools/bin/../lib/gcc/arm-none-eabi/11.3.1/thumb/v7e-m+fp/hard\libgcc.a
LOAD C:/ST/STM32CubeIDE_1.13.0/STM32CubeIDE/plugins/com.st.stm32cube.ide.mcu.externaltools.gnu-tools-for-stm32.11.3.rel1.win32_1.1.0.202305231506/tools/bin/../lib/gcc/arm-none-eabi/11.3.1/../../../../arm-none-eabi/lib/thumb/v7e-m+fp/hard\libc_nano.a
END GROUP
START GROUP
LOAD C:/ST/STM32CubeIDE_1.13.0/STM32CubeIDE/plugins/com.st.stm32cube.ide.mcu.externaltools.gnu-tools-for-stm32.11.3.rel1.win32_1.1.0.202305231506/tools/bin/../lib/gcc/arm-none-eabi/11.3.1/thumb/v7e-m+fp/hard\libgcc.a
LOAD C:/ST/STM32CubeIDE_1.13.0/STM32CubeIDE/plugins/com.st.stm32cube.ide.mcu.externaltools.gnu-tools-for-stm32.11.3.rel1.win32_1.1.0.202305231506/tools/bin/../lib/gcc/arm-none-eabi/11.3.1/../../../../arm-none-eabi/lib/thumb/v7e-m+fp/hard\libc_nano.a
LOAD C:/ST/STM32CubeIDE_1.13.0/STM32CubeIDE/plugins/com.st.stm32cube.ide.mcu.externaltools.gnu-tools-for-stm32.11.3.rel1.win32_1.1.0.202305231506/tools/bin/../lib/gcc/arm-none-eabi/11.3.1/../../../../arm-none-eabi/lib/thumb/v7e-m+fp/hard\libnosys.a
END GROUP
START GROUP
LOAD C:/ST/STM32CubeIDE_1.13.0/STM32CubeIDE/plugins/com.st.stm32cube.ide.mcu.externaltools.gnu-tools-for-stm32.11.3.rel1.win32_1.1.0.202305231506/tools/bin/../lib/gcc/arm-none-eabi/11.3.1/thumb/v7e-m+fp/hard\libgcc.a
LOAD C:/ST/STM32CubeIDE_1.13.0/STM32CubeIDE/plugins/com.st.stm32cube.ide.mcu.externaltools.gnu-tools-for-stm32.11.3.rel1.win32_1.1.0.202305231506/tools/bin/../lib/gcc/arm-none-eabi/11.3.1/../../../../arm-none-eabi/lib/thumb/v7e-m+fp/hard\libc_nano.a
LOAD C:/ST/STM32CubeIDE_1.13.0/STM32CubeIDE/plugins/com.st.stm32cube.ide.mcu.externaltools.gnu-tools-for-stm32.11.3.rel1.win32_1.1.0.202305231506/tools/bin/../lib/gcc/arm-none-eabi/11.3.1/../../../../arm-none-eabi/lib/thumb/v7e-m+fp/hard\libnosys.a
END GROUP
LOAD C:/ST/STM32CubeIDE_1.13.0/STM32CubeIDE/plugins/com.st.stm32cube.ide.mcu.externaltools.gnu-tools-for-stm32.11.3.rel1.win32_1.1.0.202305231506/tools/bin/../lib/gcc/arm-none-eabi/11.3.1/thumb/v7e-m+fp/hard/crtend.o
LOAD C:/ST/STM32CubeIDE_1.13.0/STM32CubeIDE/plugins/com.st.stm32cube.ide.mcu.externaltools.gnu-tools-for-stm32.11.3.rel1.win32_1.1.0.202305231506/tools/bin/../lib/gcc/arm-none-eabi/11.3.1/thumb/v7e-m+fp/hard/crtn.o
                0x0000000020030000                _estack = (ORIGIN (RAM1) + LENGTH (RAM1))
                0x0000000000000200                _Min_Heap_Size = 0x200
                0x0000000000000400                _Min_Stack_Size = 0x400

.isr_vector     0x0000000008000000      0x13c
                0x0000000008000000                . = ALIGN (0x4)
 *(.isr_vector)
 .isr_vector    0x0000000008000000      0x13c ./Core/Startup/startup_stm32wb55rgvx.o
                0x0000000008000000                g_pfnVectors
                0x000000000800013c                . = ALIGN (0x4)

.text           0x000000000800013c     0x3afc
                0x000000000800013c                . = ALIGN (0x4)
 *(.text)
 .text          0x000000000800013c       0x40 C:/ST/STM32CubeIDE_1.13.0/STM32CubeIDE/plugins/com.st.stm32cube.ide.mcu.externaltools.gnu-tools-for-stm32.11.3.rel1.win32_1.1.0.202305231506/tools/bin/../lib/gcc/arm-none-eabi/11.3.1/thumb/v7e-m+fp/hard/crtbegin.o
 .text          0x000000000800017c       0x30 C:/ST/STM32CubeIDE_1.13.0/STM32CubeIDE/plugins/com.st.stm32cube.ide.mcu.externaltools.gnu-tools-for-stm32.11.3.rel1.win32_1.1.0.202305231506/tools/bin/../lib/gcc/arm-none-eabi/11.3.1/thumb/v7e-m+fp/hard\libgcc.a(_aeabi_uldivmod.o)
                0x000000000800017c                __aeabi_uldivmod
 .text          0x00000000080001ac      0x2c8 C:/ST/STM32CubeIDE_1.13.0/STM32CubeIDE/plugins/com.st.stm32cube.ide.mcu.externaltools.gnu-tools-for-stm32.11.3.rel1.win32_1.1.0.202305231506/tools/bin/../lib/gcc/arm-none-eabi/11.3.1/thumb/v7e-m+fp/hard\libgcc.a(_udivmoddi4.o)
                0x00000000080001ac                __udivmoddi4
 .text          0x0000000008000474        0x4 C:/ST/STM32CubeIDE_1.13.0/STM32CubeIDE/plugins/com.st.stm32cube.ide.mcu.externaltools.gnu-tools-for-stm32.11.3.rel1.win32_1.1.0.202305231506/tools/bin/../lib/gcc/arm-none-eabi/11.3.1/thumb/v7e-m+fp/hard\libgcc.a(_dvmd_tls.o)
                0x0000000008000474                __aeabi_idiv0
                0x0000000008000474                __aeabi_ldiv0
 *(.text*)
 .text.LL_RCC_LSE_SetDriveCapability
                0x0000000008000478       0x2c ./Core/Src/main.o
 .text.LL_AHB2_GRP1_EnableClock
                0x00000000080004a4       0x32 ./Core/Src/main.o
 .text.main     0x00000000080004d6       0x22 ./Core/Src/main.o
                0x00000000080004d6                main
 .text.SystemClock_Config
                0x00000000080004f8       0xec ./Core/Src/main.o
                0x00000000080004f8                SystemClock_Config
 .text.PeriphCommonClock_Config
                0x00000000080005e4       0x3a ./Core/Src/main.o
                0x00000000080005e4                PeriphCommonClock_Config
 .text.MX_MEMORYMAP_Init
                0x000000000800061e        0xe ./Core/Src/main.o
 .text.MX_USART1_UART_Init
                0x000000000800062c       0x9c ./Core/Src/main.o
 .text.MX_USB_PCD_Init
                0x00000000080006c8       0x50 ./Core/Src/main.o
 .text.MX_GPIO_Init
                0x0000000008000718       0xd0 ./Core/Src/main.o
 .text.Error_Handler
                0x00000000080007e8        0xa ./Core/Src/main.o
                0x00000000080007e8                Error_Handler
 .text.LL_AHB2_GRP1_EnableClock
                0x00000000080007f2       0x32 ./Core/Src/stm32wbxx_hal_msp.o
 .text.LL_APB1_GRP1_EnableClock
                0x0000000008000824       0x32 ./Core/Src/stm32wbxx_hal_msp.o
 .text.LL_APB2_GRP1_EnableClock
                0x0000000008000856       0x32 ./Core/Src/stm32wbxx_hal_msp.o
 .text.HAL_MspInit
                0x0000000008000888        0xe ./Core/Src/stm32wbxx_hal_msp.o
                0x0000000008000888                HAL_MspInit
 *fill*         0x0000000008000896        0x2 
 .text.HAL_UART_MspInit
                0x0000000008000898       0x8c ./Core/Src/stm32wbxx_hal_msp.o
                0x0000000008000898                HAL_UART_MspInit
 .text.HAL_PCD_MspInit
                0x0000000008000924       0xac ./Core/Src/stm32wbxx_hal_msp.o
                0x0000000008000924                HAL_PCD_MspInit
 .text.NMI_Handler
                0x00000000080009d0        0x6 ./Core/Src/stm32wbxx_it.o
                0x00000000080009d0                NMI_Handler
 .text.HardFault_Handler
                0x00000000080009d6        0x6 ./Core/Src/stm32wbxx_it.o
                0x00000000080009d6                HardFault_Handler
 .text.MemManage_Handler
                0x00000000080009dc        0x6 ./Core/Src/stm32wbxx_it.o
                0x00000000080009dc                MemManage_Handler
 .text.BusFault_Handler
                0x00000000080009e2        0x6 ./Core/Src/stm32wbxx_it.o
                0x00000000080009e2                BusFault_Handler
 .text.UsageFault_Handler
                0x00000000080009e8        0x6 ./Core/Src/stm32wbxx_it.o
                0x00000000080009e8                UsageFault_Handler
 .text.SVC_Handler
                0x00000000080009ee        0xe ./Core/Src/stm32wbxx_it.o
                0x00000000080009ee                SVC_Handler
 .text.DebugMon_Handler
                0x00000000080009fc        0xe ./Core/Src/stm32wbxx_it.o
                0x00000000080009fc                DebugMon_Handler
 .text.PendSV_Handler
                0x0000000008000a0a        0xe ./Core/Src/stm32wbxx_it.o
                0x0000000008000a0a                PendSV_Handler
 .text.SysTick_Handler
                0x0000000008000a18        0xc ./Core/Src/stm32wbxx_it.o
                0x0000000008000a18                SysTick_Handler
 .text.EXTI4_IRQHandler
                0x0000000008000a24       0x1c ./Core/Src/stm32wbxx_it.o
                0x0000000008000a24                EXTI4_IRQHandler
 .text.EXTI9_5_IRQHandler
                0x0000000008000a40       0x10 ./Core/Src/stm32wbxx_it.o
                0x0000000008000a40                EXTI9_5_IRQHandler
 .text.SystemInit
                0x0000000008000a50       0xa4 ./Core/Src/system_stm32wbxx.o
                0x0000000008000a50                SystemInit
 .text.data_initializers
                0x0000000008000af4       0x18 ./Core/Startup/startup_stm32wb55rgvx.o
 .text.Reset_Handler
                0x0000000008000b0c       0x58 ./Core/Startup/startup_stm32wb55rgvx.o
                0x0000000008000b0c                Reset_Handler
 .text.Default_Handler
                0x0000000008000b64        0x2 ./Core/Startup/startup_stm32wb55rgvx.o
                0x0000000008000b64                RTC_Alarm_IRQHandler
                0x0000000008000b64                EXTI2_IRQHandler
                0x0000000008000b64                TIM1_CC_IRQHandler
                0x0000000008000b64                TSC_IRQHandler
                0x0000000008000b64                USB_HP_IRQHandler
                0x0000000008000b64                EXTI3_IRQHandler
                0x0000000008000b64                LPTIM2_IRQHandler
                0x0000000008000b64                I2C3_ER_IRQHandler
                0x0000000008000b64                EXTI0_IRQHandler
                0x0000000008000b64                FPU_IRQHandler
                0x0000000008000b64                TIM1_UP_TIM16_IRQHandler
                0x0000000008000b64                AES1_IRQHandler
                0x0000000008000b64                SPI1_IRQHandler
                0x0000000008000b64                PWR_SOTF_BLEACT_802ACT_RFPHASE_IRQHandler
                0x0000000008000b64                DMA2_Channel2_IRQHandler
                0x0000000008000b64                DMA1_Channel4_IRQHandler
                0x0000000008000b64                ADC1_IRQHandler
                0x0000000008000b64                PKA_IRQHandler
                0x0000000008000b64                DMA1_Channel7_IRQHandler
                0x0000000008000b64                LCD_IRQHandler
                0x0000000008000b64                IPCC_C1_TX_IRQHandler
                0x0000000008000b64                DMA2_Channel1_IRQHandler
                0x0000000008000b64                QUADSPI_IRQHandler
                0x0000000008000b64                I2C1_EV_IRQHandler
                0x0000000008000b64                DMAMUX1_OVR_IRQHandler
                0x0000000008000b64                DMA1_Channel6_IRQHandler
                0x0000000008000b64                DMA2_Channel4_IRQHandler
                0x0000000008000b64                RCC_IRQHandler
                0x0000000008000b64                DMA1_Channel1_IRQHandler
                0x0000000008000b64                Default_Handler
                0x0000000008000b64                DMA2_Channel7_IRQHandler
                0x0000000008000b64                EXTI15_10_IRQHandler
                0x0000000008000b64                IPCC_C1_RX_IRQHandler
                0x0000000008000b64                C2SEV_PWR_C2H_IRQHandler
                0x0000000008000b64                AES2_IRQHandler
                0x0000000008000b64                I2C3_EV_IRQHandler
                0x0000000008000b64                RTC_WKUP_IRQHandler
                0x0000000008000b64                PVD_PVM_IRQHandler
                0x0000000008000b64                SPI2_IRQHandler
                0x0000000008000b64                DMA2_Channel5_IRQHandler
                0x0000000008000b64                CRS_IRQHandler
                0x0000000008000b64                DMA1_Channel5_IRQHandler
                0x0000000008000b64                USB_LP_IRQHandler
                0x0000000008000b64                RNG_IRQHandler
                0x0000000008000b64                TIM1_TRG_COM_TIM17_IRQHandler
                0x0000000008000b64                TAMP_STAMP_LSECSS_IRQHandler
                0x0000000008000b64                DMA1_Channel3_IRQHandler
                0x0000000008000b64                COMP_IRQHandler
                0x0000000008000b64                HSEM_IRQHandler
                0x0000000008000b64                WWDG_IRQHandler
                0x0000000008000b64                LPUART1_IRQHandler
                0x0000000008000b64                DMA2_Channel6_IRQHandler
                0x0000000008000b64                TIM2_IRQHandler
                0x0000000008000b64                TIM1_BRK_IRQHandler
                0x0000000008000b64                EXTI1_IRQHandler
                0x0000000008000b64                DMA1_Channel2_IRQHandler
                0x0000000008000b64                FLASH_IRQHandler
                0x0000000008000b64                USART1_IRQHandler
                0x0000000008000b64                I2C1_ER_IRQHandler
                0x0000000008000b64                LPTIM1_IRQHandler
                0x0000000008000b64                SAI1_IRQHandler
                0x0000000008000b64                DMA2_Channel3_IRQHandler
 *fill*         0x0000000008000b66        0x2 
 .text.HAL_Init
                0x0000000008000b68       0x40 ./Drivers/STM32WBxx_HAL_Driver/Src/stm32wbxx_hal.o
                0x0000000008000b68                HAL_Init
 .text.HAL_InitTick
                0x0000000008000ba8       0x74 ./Drivers/STM32WBxx_HAL_Driver/Src/stm32wbxx_hal.o
                0x0000000008000ba8                HAL_InitTick
 .text.HAL_IncTick
                0x0000000008000c1c       0x28 ./Drivers/STM32WBxx_HAL_Driver/Src/stm32wbxx_hal.o
                0x0000000008000c1c                HAL_IncTick
 .text.HAL_GetTick
                0x0000000008000c44       0x18 ./Drivers/STM32WBxx_HAL_Driver/Src/stm32wbxx_hal.o
                0x0000000008000c44                HAL_GetTick
 .text.HAL_GetTickPrio
                0x0000000008000c5c       0x18 ./Drivers/STM32WBxx_HAL_Driver/Src/stm32wbxx_hal.o
                0x0000000008000c5c                HAL_GetTickPrio
 .text.__NVIC_SetPriorityGrouping
                0x0000000008000c74       0x48 ./Drivers/STM32WBxx_HAL_Driver/Src/stm32wbxx_hal_cortex.o
 .text.__NVIC_GetPriorityGrouping
                0x0000000008000cbc       0x1c ./Drivers/STM32WBxx_HAL_Driver/Src/stm32wbxx_hal_cortex.o
 .text.__NVIC_EnableIRQ
                0x0000000008000cd8       0x3c ./Drivers/STM32WBxx_HAL_Driver/Src/stm32wbxx_hal_cortex.o
 .text.__NVIC_SetPriority
                0x0000000008000d14       0x54 ./Drivers/STM32WBxx_HAL_Driver/Src/stm32wbxx_hal_cortex.o
 .text.NVIC_EncodePriority
                0x0000000008000d68       0x66 ./Drivers/STM32WBxx_HAL_Driver/Src/stm32wbxx_hal_cortex.o
 *fill*         0x0000000008000dce        0x2 
 .text.SysTick_Config
                0x0000000008000dd0       0x44 ./Drivers/STM32WBxx_HAL_Driver/Src/stm32wbxx_hal_cortex.o
 .text.HAL_NVIC_SetPriorityGrouping
                0x0000000008000e14       0x16 ./Drivers/STM32WBxx_HAL_Driver/Src/stm32wbxx_hal_cortex.o
                0x0000000008000e14                HAL_NVIC_SetPriorityGrouping
 .text.HAL_NVIC_SetPriority
                0x0000000008000e2a       0x34 ./Drivers/STM32WBxx_HAL_Driver/Src/stm32wbxx_hal_cortex.o
                0x0000000008000e2a                HAL_NVIC_SetPriority
 .text.HAL_NVIC_EnableIRQ
                0x0000000008000e5e       0x1c ./Drivers/STM32WBxx_HAL_Driver/Src/stm32wbxx_hal_cortex.o
                0x0000000008000e5e                HAL_NVIC_EnableIRQ
 .text.HAL_SYSTICK_Config
                0x0000000008000e7a       0x18 ./Drivers/STM32WBxx_HAL_Driver/Src/stm32wbxx_hal_cortex.o
                0x0000000008000e7a                HAL_SYSTICK_Config
 *fill*         0x0000000008000e92        0x2 
 .text.HAL_GPIO_Init
                0x0000000008000e94      0x2e0 ./Drivers/STM32WBxx_HAL_Driver/Src/stm32wbxx_hal_gpio.o
                0x0000000008000e94                HAL_GPIO_Init
 .text.HAL_GPIO_WritePin
                0x0000000008001174       0x30 ./Drivers/STM32WBxx_HAL_Driver/Src/stm32wbxx_hal_gpio.o
                0x0000000008001174                HAL_GPIO_WritePin
 .text.HAL_GPIO_TogglePin
                0x00000000080011a4       0x34 ./Drivers/STM32WBxx_HAL_Driver/Src/stm32wbxx_hal_gpio.o
                0x00000000080011a4                HAL_GPIO_TogglePin
 .text.HAL_GPIO_EXTI_IRQHandler
                0x00000000080011d8       0x30 ./Drivers/STM32WBxx_HAL_Driver/Src/stm32wbxx_hal_gpio.o
                0x00000000080011d8                HAL_GPIO_EXTI_IRQHandler
 .text.HAL_GPIO_EXTI_Callback
                0x0000000008001208       0x16 ./Drivers/STM32WBxx_HAL_Driver/Src/stm32wbxx_hal_gpio.o
                0x0000000008001208                HAL_GPIO_EXTI_Callback
 .text.HAL_PCD_Init
                0x000000000800121e      0x1b2 ./Drivers/STM32WBxx_HAL_Driver/Src/stm32wbxx_hal_pcd.o
                0x000000000800121e                HAL_PCD_Init
 .text.HAL_PCDEx_ActivateLPM
                0x00000000080013d0       0x54 ./Drivers/STM32WBxx_HAL_Driver/Src/stm32wbxx_hal_pcd_ex.o
                0x00000000080013d0                HAL_PCDEx_ActivateLPM
 .text.HAL_PWR_EnableBkUpAccess
                0x0000000008001424       0x20 ./Drivers/STM32WBxx_HAL_Driver/Src/stm32wbxx_hal_pwr.o
                0x0000000008001424                HAL_PWR_EnableBkUpAccess
 .text.HAL_PWREx_GetVoltageRange
                0x0000000008001444       0x1c ./Drivers/STM32WBxx_HAL_Driver/Src/stm32wbxx_hal_pwr_ex.o
                0x0000000008001444                HAL_PWREx_GetVoltageRange
 .text.LL_RCC_HSE_IsEnabledDiv2
                0x0000000008001460       0x24 ./Drivers/STM32WBxx_HAL_Driver/Src/stm32wbxx_hal_rcc.o
 .text.LL_RCC_HSE_Enable
                0x0000000008001484       0x1e ./Drivers/STM32WBxx_HAL_Driver/Src/stm32wbxx_hal_rcc.o
 .text.LL_RCC_HSE_Disable
                0x00000000080014a2       0x1e ./Drivers/STM32WBxx_HAL_Driver/Src/stm32wbxx_hal_rcc.o
 .text.LL_RCC_HSE_IsReady
                0x00000000080014c0       0x24 ./Drivers/STM32WBxx_HAL_Driver/Src/stm32wbxx_hal_rcc.o
 .text.LL_RCC_HSI_Enable
                0x00000000080014e4       0x1e ./Drivers/STM32WBxx_HAL_Driver/Src/stm32wbxx_hal_rcc.o
 .text.LL_RCC_HSI_Disable
                0x0000000008001502       0x1e ./Drivers/STM32WBxx_HAL_Driver/Src/stm32wbxx_hal_rcc.o
 .text.LL_RCC_HSI_IsReady
                0x0000000008001520       0x24 ./Drivers/STM32WBxx_HAL_Driver/Src/stm32wbxx_hal_rcc.o
 .text.LL_RCC_HSI_SetCalibTrimming
                0x0000000008001544       0x2a ./Drivers/STM32WBxx_HAL_Driver/Src/stm32wbxx_hal_rcc.o
 .text.LL_RCC_HSI48_Enable
                0x000000000800156e       0x22 ./Drivers/STM32WBxx_HAL_Driver/Src/stm32wbxx_hal_rcc.o
 .text.LL_RCC_HSI48_Disable
                0x0000000008001590       0x22 ./Drivers/STM32WBxx_HAL_Driver/Src/stm32wbxx_hal_rcc.o
 .text.LL_RCC_HSI48_IsReady
                0x00000000080015b2       0x24 ./Drivers/STM32WBxx_HAL_Driver/Src/stm32wbxx_hal_rcc.o
 .text.LL_RCC_LSE_Enable
                0x00000000080015d6       0x22 ./Drivers/STM32WBxx_HAL_Driver/Src/stm32wbxx_hal_rcc.o
 .text.LL_RCC_LSE_Disable
                0x00000000080015f8       0x22 ./Drivers/STM32WBxx_HAL_Driver/Src/stm32wbxx_hal_rcc.o
 .text.LL_RCC_LSE_EnableBypass
                0x000000000800161a       0x22 ./Drivers/STM32WBxx_HAL_Driver/Src/stm32wbxx_hal_rcc.o
 .text.LL_RCC_LSE_DisableBypass
                0x000000000800163c       0x22 ./Drivers/STM32WBxx_HAL_Driver/Src/stm32wbxx_hal_rcc.o
 .text.LL_RCC_LSE_IsReady
                0x000000000800165e       0x24 ./Drivers/STM32WBxx_HAL_Driver/Src/stm32wbxx_hal_rcc.o
 .text.LL_RCC_LSI1_Enable
                0x0000000008001682       0x22 ./Drivers/STM32WBxx_HAL_Driver/Src/stm32wbxx_hal_rcc.o
 .text.LL_RCC_LSI1_Disable
                0x00000000080016a4       0x22 ./Drivers/STM32WBxx_HAL_Driver/Src/stm32wbxx_hal_rcc.o
 .text.LL_RCC_LSI1_IsReady
                0x00000000080016c6       0x24 ./Drivers/STM32WBxx_HAL_Driver/Src/stm32wbxx_hal_rcc.o
 .text.LL_RCC_LSI2_Enable
                0x00000000080016ea       0x22 ./Drivers/STM32WBxx_HAL_Driver/Src/stm32wbxx_hal_rcc.o
 .text.LL_RCC_LSI2_Disable
                0x000000000800170c       0x22 ./Drivers/STM32WBxx_HAL_Driver/Src/stm32wbxx_hal_rcc.o
 .text.LL_RCC_LSI2_IsReady
                0x000000000800172e       0x24 ./Drivers/STM32WBxx_HAL_Driver/Src/stm32wbxx_hal_rcc.o
 .text.LL_RCC_LSI2_SetTrimming
                0x0000000008001752       0x2e ./Drivers/STM32WBxx_HAL_Driver/Src/stm32wbxx_hal_rcc.o
 .text.LL_RCC_MSI_Enable
                0x0000000008001780       0x1e ./Drivers/STM32WBxx_HAL_Driver/Src/stm32wbxx_hal_rcc.o
 .text.LL_RCC_MSI_Disable
                0x000000000800179e       0x1e ./Drivers/STM32WBxx_HAL_Driver/Src/stm32wbxx_hal_rcc.o
 .text.LL_RCC_MSI_IsReady
                0x00000000080017bc       0x22 ./Drivers/STM32WBxx_HAL_Driver/Src/stm32wbxx_hal_rcc.o
 .text.LL_RCC_MSI_SetRange
                0x00000000080017de       0x28 ./Drivers/STM32WBxx_HAL_Driver/Src/stm32wbxx_hal_rcc.o
 .text.LL_RCC_MSI_GetRange
                0x0000000008001806       0x2a ./Drivers/STM32WBxx_HAL_Driver/Src/stm32wbxx_hal_rcc.o
 .text.LL_RCC_MSI_SetCalibTrimming
                0x0000000008001830       0x2a ./Drivers/STM32WBxx_HAL_Driver/Src/stm32wbxx_hal_rcc.o
 .text.LL_RCC_SetSysClkSource
                0x000000000800185a       0x28 ./Drivers/STM32WBxx_HAL_Driver/Src/stm32wbxx_hal_rcc.o
 .text.LL_RCC_GetSysClkSource
                0x0000000008001882       0x18 ./Drivers/STM32WBxx_HAL_Driver/Src/stm32wbxx_hal_rcc.o
 .text.LL_RCC_SetAHBPrescaler
                0x000000000800189a       0x28 ./Drivers/STM32WBxx_HAL_Driver/Src/stm32wbxx_hal_rcc.o
 .text.LL_C2_RCC_SetAHBPrescaler
                0x00000000080018c2       0x2c ./Drivers/STM32WBxx_HAL_Driver/Src/stm32wbxx_hal_rcc.o
 .text.LL_RCC_SetAHB4Prescaler
                0x00000000080018ee       0x2e ./Drivers/STM32WBxx_HAL_Driver/Src/stm32wbxx_hal_rcc.o
 .text.LL_RCC_SetAPB1Prescaler
                0x000000000800191c       0x28 ./Drivers/STM32WBxx_HAL_Driver/Src/stm32wbxx_hal_rcc.o
 .text.LL_RCC_SetAPB2Prescaler
                0x0000000008001944       0x28 ./Drivers/STM32WBxx_HAL_Driver/Src/stm32wbxx_hal_rcc.o
 .text.LL_RCC_GetAHBPrescaler
                0x000000000800196c       0x18 ./Drivers/STM32WBxx_HAL_Driver/Src/stm32wbxx_hal_rcc.o
 .text.LL_RCC_GetAHB4Prescaler
                0x0000000008001984       0x1c ./Drivers/STM32WBxx_HAL_Driver/Src/stm32wbxx_hal_rcc.o
 .text.LL_RCC_GetAPB1Prescaler
                0x00000000080019a0       0x18 ./Drivers/STM32WBxx_HAL_Driver/Src/stm32wbxx_hal_rcc.o
 .text.LL_RCC_GetAPB2Prescaler
                0x00000000080019b8       0x18 ./Drivers/STM32WBxx_HAL_Driver/Src/stm32wbxx_hal_rcc.o
 .text.LL_RCC_PLL_Enable
                0x00000000080019d0       0x1e ./Drivers/STM32WBxx_HAL_Driver/Src/stm32wbxx_hal_rcc.o
 .text.LL_RCC_PLL_Disable
                0x00000000080019ee       0x1e ./Drivers/STM32WBxx_HAL_Driver/Src/stm32wbxx_hal_rcc.o
 .text.LL_RCC_PLL_IsReady
                0x0000000008001a0c       0x24 ./Drivers/STM32WBxx_HAL_Driver/Src/stm32wbxx_hal_rcc.o
 .text.LL_RCC_PLL_GetN
                0x0000000008001a30       0x1a ./Drivers/STM32WBxx_HAL_Driver/Src/stm32wbxx_hal_rcc.o
 .text.LL_RCC_PLL_GetR
                0x0000000008001a4a       0x18 ./Drivers/STM32WBxx_HAL_Driver/Src/stm32wbxx_hal_rcc.o
 .text.LL_RCC_PLL_GetDivider
                0x0000000008001a62       0x18 ./Drivers/STM32WBxx_HAL_Driver/Src/stm32wbxx_hal_rcc.o
 .text.LL_RCC_PLL_GetMainSource
                0x0000000008001a7a       0x18 ./Drivers/STM32WBxx_HAL_Driver/Src/stm32wbxx_hal_rcc.o
 .text.LL_RCC_IsActiveFlag_HPRE
                0x0000000008001a92       0x24 ./Drivers/STM32WBxx_HAL_Driver/Src/stm32wbxx_hal_rcc.o
 .text.LL_RCC_IsActiveFlag_C2HPRE
                0x0000000008001ab6       0x26 ./Drivers/STM32WBxx_HAL_Driver/Src/stm32wbxx_hal_rcc.o
 .text.LL_RCC_IsActiveFlag_SHDHPRE
                0x0000000008001adc       0x26 ./Drivers/STM32WBxx_HAL_Driver/Src/stm32wbxx_hal_rcc.o
 .text.LL_RCC_IsActiveFlag_PPRE1
                0x0000000008001b02       0x24 ./Drivers/STM32WBxx_HAL_Driver/Src/stm32wbxx_hal_rcc.o
 .text.LL_RCC_IsActiveFlag_PPRE2
                0x0000000008001b26       0x24 ./Drivers/STM32WBxx_HAL_Driver/Src/stm32wbxx_hal_rcc.o
 *fill*         0x0000000008001b4a        0x2 
 .text.HAL_RCC_OscConfig
                0x0000000008001b4c      0x6e8 ./Drivers/STM32WBxx_HAL_Driver/Src/stm32wbxx_hal_rcc.o
                0x0000000008001b4c                HAL_RCC_OscConfig
 .text.HAL_RCC_ClockConfig
                0x0000000008002234      0x280 ./Drivers/STM32WBxx_HAL_Driver/Src/stm32wbxx_hal_rcc.o
                0x0000000008002234                HAL_RCC_ClockConfig
 .text.HAL_RCC_GetSysClockFreq
                0x00000000080024b4       0xd8 ./Drivers/STM32WBxx_HAL_Driver/Src/stm32wbxx_hal_rcc.o
                0x00000000080024b4                HAL_RCC_GetSysClockFreq
 .text.HAL_RCC_GetHCLKFreq
                0x000000000800258c       0x28 ./Drivers/STM32WBxx_HAL_Driver/Src/stm32wbxx_hal_rcc.o
                0x000000000800258c                HAL_RCC_GetHCLKFreq
 .text.HAL_RCC_GetPCLK1Freq
                0x00000000080025b4       0x2c ./Drivers/STM32WBxx_HAL_Driver/Src/stm32wbxx_hal_rcc.o
                0x00000000080025b4                HAL_RCC_GetPCLK1Freq
 .text.HAL_RCC_GetPCLK2Freq
                0x00000000080025e0       0x2c ./Drivers/STM32WBxx_HAL_Driver/Src/stm32wbxx_hal_rcc.o
                0x00000000080025e0                HAL_RCC_GetPCLK2Freq
 .text.RCC_SetFlashLatencyFromMSIRange
                0x000000000800260c       0x70 ./Drivers/STM32WBxx_HAL_Driver/Src/stm32wbxx_hal_rcc.o
 .text.RCC_SetFlashLatency
                0x000000000800267c       0xf8 ./Drivers/STM32WBxx_HAL_Driver/Src/stm32wbxx_hal_rcc.o
 .text.LL_RCC_LSE_IsEnabled
                0x0000000008002774       0x24 ./Drivers/STM32WBxx_HAL_Driver/Src/stm32wbxx_hal_rcc_ex.o
 .text.LL_RCC_LSE_IsReady
                0x0000000008002798       0x24 ./Drivers/STM32WBxx_HAL_Driver/Src/stm32wbxx_hal_rcc_ex.o
 .text.LL_RCC_MSI_EnablePLLMode
                0x00000000080027bc       0x1e ./Drivers/STM32WBxx_HAL_Driver/Src/stm32wbxx_hal_rcc_ex.o
 .text.LL_RCC_SetRFWKPClockSource
                0x00000000080027da       0x2c ./Drivers/STM32WBxx_HAL_Driver/Src/stm32wbxx_hal_rcc_ex.o
 .text.LL_RCC_SetSMPSClockSource
                0x0000000008002806       0x28 ./Drivers/STM32WBxx_HAL_Driver/Src/stm32wbxx_hal_rcc_ex.o
 .text.LL_RCC_SetSMPSPrescaler
                0x000000000800282e       0x28 ./Drivers/STM32WBxx_HAL_Driver/Src/stm32wbxx_hal_rcc_ex.o
 .text.LL_RCC_SetUSARTClockSource
                0x0000000008002856       0x2c ./Drivers/STM32WBxx_HAL_Driver/Src/stm32wbxx_hal_rcc_ex.o
 .text.LL_RCC_SetLPUARTClockSource
                0x0000000008002882       0x2c ./Drivers/STM32WBxx_HAL_Driver/Src/stm32wbxx_hal_rcc_ex.o
 .text.LL_RCC_SetI2CClockSource
                0x00000000080028ae       0x3a ./Drivers/STM32WBxx_HAL_Driver/Src/stm32wbxx_hal_rcc_ex.o
 .text.LL_RCC_SetLPTIMClockSource
                0x00000000080028e8       0x34 ./Drivers/STM32WBxx_HAL_Driver/Src/stm32wbxx_hal_rcc_ex.o
 .text.LL_RCC_SetSAIClockSource
                0x000000000800291c       0x2c ./Drivers/STM32WBxx_HAL_Driver/Src/stm32wbxx_hal_rcc_ex.o
 .text.LL_RCC_SetRNGClockSource
                0x0000000008002948       0x2c ./Drivers/STM32WBxx_HAL_Driver/Src/stm32wbxx_hal_rcc_ex.o
 .text.LL_RCC_SetCLK48ClockSource
                0x0000000008002974       0x2c ./Drivers/STM32WBxx_HAL_Driver/Src/stm32wbxx_hal_rcc_ex.o
 .text.LL_RCC_SetUSBClockSource
                0x00000000080029a0       0x16 ./Drivers/STM32WBxx_HAL_Driver/Src/stm32wbxx_hal_rcc_ex.o
 .text.LL_RCC_SetADCClockSource
                0x00000000080029b6       0x2c ./Drivers/STM32WBxx_HAL_Driver/Src/stm32wbxx_hal_rcc_ex.o
 .text.LL_RCC_SetRTCClockSource
                0x00000000080029e2       0x2c ./Drivers/STM32WBxx_HAL_Driver/Src/stm32wbxx_hal_rcc_ex.o
 .text.LL_RCC_GetRTCClockSource
                0x0000000008002a0e       0x1a ./Drivers/STM32WBxx_HAL_Driver/Src/stm32wbxx_hal_rcc_ex.o
 .text.LL_RCC_ForceBackupDomainReset
                0x0000000008002a28       0x22 ./Drivers/STM32WBxx_HAL_Driver/Src/stm32wbxx_hal_rcc_ex.o
 .text.LL_RCC_ReleaseBackupDomainReset
                0x0000000008002a4a       0x22 ./Drivers/STM32WBxx_HAL_Driver/Src/stm32wbxx_hal_rcc_ex.o
 .text.LL_RCC_PLLSAI1_Enable
                0x0000000008002a6c       0x1e ./Drivers/STM32WBxx_HAL_Driver/Src/stm32wbxx_hal_rcc_ex.o
 .text.LL_RCC_PLLSAI1_Disable
                0x0000000008002a8a       0x1e ./Drivers/STM32WBxx_HAL_Driver/Src/stm32wbxx_hal_rcc_ex.o
 .text.LL_RCC_PLLSAI1_IsReady
                0x0000000008002aa8       0x24 ./Drivers/STM32WBxx_HAL_Driver/Src/stm32wbxx_hal_rcc_ex.o
 .text.HAL_RCCEx_PeriphCLKConfig
                0x0000000008002acc      0x2ec ./Drivers/STM32WBxx_HAL_Driver/Src/stm32wbxx_hal_rcc_ex.o
                0x0000000008002acc                HAL_RCCEx_PeriphCLKConfig
 .text.HAL_RCCEx_EnableMSIPLLMode
                0x0000000008002db8        0xc ./Drivers/STM32WBxx_HAL_Driver/Src/stm32wbxx_hal_rcc_ex.o
                0x0000000008002db8                HAL_RCCEx_EnableMSIPLLMode
 .text.RCCEx_PLLSAI1_ConfigNP
                0x0000000008002dc4       0xb6 ./Drivers/STM32WBxx_HAL_Driver/Src/stm32wbxx_hal_rcc_ex.o
 .text.RCCEx_PLLSAI1_ConfigNQ
                0x0000000008002e7a       0xb6 ./Drivers/STM32WBxx_HAL_Driver/Src/stm32wbxx_hal_rcc_ex.o
 .text.RCCEx_PLLSAI1_ConfigNR
                0x0000000008002f30       0xb6 ./Drivers/STM32WBxx_HAL_Driver/Src/stm32wbxx_hal_rcc_ex.o
 .text.LL_RCC_GetUSARTClockSource
                0x0000000008002fe6       0x20 ./Drivers/STM32WBxx_HAL_Driver/Src/stm32wbxx_hal_uart.o
 .text.LL_RCC_GetLPUARTClockSource
                0x0000000008003006       0x20 ./Drivers/STM32WBxx_HAL_Driver/Src/stm32wbxx_hal_uart.o
 .text.HAL_UART_Init
                0x0000000008003026       0xa0 ./Drivers/STM32WBxx_HAL_Driver/Src/stm32wbxx_hal_uart.o
                0x0000000008003026                HAL_UART_Init
 *fill*         0x00000000080030c6        0x2 
 .text.UART_SetConfig
                0x00000000080030c8      0x450 ./Drivers/STM32WBxx_HAL_Driver/Src/stm32wbxx_hal_uart.o
                0x00000000080030c8                UART_SetConfig
 .text.UART_AdvFeatureConfig
                0x0000000008003518      0x144 ./Drivers/STM32WBxx_HAL_Driver/Src/stm32wbxx_hal_uart.o
                0x0000000008003518                UART_AdvFeatureConfig
 .text.UART_CheckIdleState
                0x000000000800365c      0x154 ./Drivers/STM32WBxx_HAL_Driver/Src/stm32wbxx_hal_uart.o
                0x000000000800365c                UART_CheckIdleState
 .text.UART_WaitOnFlagUntilTimeout
                0x00000000080037b0       0xce ./Drivers/STM32WBxx_HAL_Driver/Src/stm32wbxx_hal_uart.o
                0x00000000080037b0                UART_WaitOnFlagUntilTimeout
 .text.UART_EndRxTransfer
                0x000000000800387e       0xcc ./Drivers/STM32WBxx_HAL_Driver/Src/stm32wbxx_hal_uart.o
 .text.HAL_UARTEx_DisableFifoMode
                0x000000000800394a       0x72 ./Drivers/STM32WBxx_HAL_Driver/Src/stm32wbxx_hal_uart_ex.o
                0x000000000800394a                HAL_UARTEx_DisableFifoMode
 .text.HAL_UARTEx_SetTxFifoThreshold
                0x00000000080039bc       0x7c ./Drivers/STM32WBxx_HAL_Driver/Src/stm32wbxx_hal_uart_ex.o
                0x00000000080039bc                HAL_UARTEx_SetTxFifoThreshold
 .text.HAL_UARTEx_SetRxFifoThreshold
                0x0000000008003a38       0x7c ./Drivers/STM32WBxx_HAL_Driver/Src/stm32wbxx_hal_uart_ex.o
                0x0000000008003a38                HAL_UARTEx_SetRxFifoThreshold
 .text.UARTEx_SetNbDataToProcess
                0x0000000008003ab4       0x9c ./Drivers/STM32WBxx_HAL_Driver/Src/stm32wbxx_hal_uart_ex.o
 .text.USB_DisableGlobalInt
                0x0000000008003b50       0x36 ./Drivers/STM32WBxx_HAL_Driver/Src/stm32wbxx_ll_usb.o
                0x0000000008003b50                USB_DisableGlobalInt
 .text.USB_DevInit
                0x0000000008003b86       0x42 ./Drivers/STM32WBxx_HAL_Driver/Src/stm32wbxx_ll_usb.o
                0x0000000008003b86                USB_DevInit
 .text.memset   0x0000000008003bc8       0x10 C:/ST/STM32CubeIDE_1.13.0/STM32CubeIDE/plugins/com.st.stm32cube.ide.mcu.externaltools.gnu-tools-for-stm32.11.3.rel1.win32_1.1.0.202305231506/tools/bin/../lib/gcc/arm-none-eabi/11.3.1/../../../../arm-none-eabi/lib/thumb/v7e-m+fp/hard\libc_nano.a(libc_a-memset.o)
                0x0000000008003bc8                memset
 .text.__libc_init_array
                0x0000000008003bd8       0x48 C:/ST/STM32CubeIDE_1.13.0/STM32CubeIDE/plugins/com.st.stm32cube.ide.mcu.externaltools.gnu-tools-for-stm32.11.3.rel1.win32_1.1.0.202305231506/tools/bin/../lib/gcc/arm-none-eabi/11.3.1/../../../../arm-none-eabi/lib/thumb/v7e-m+fp/hard\libc_nano.a(libc_a-init.o)
                0x0000000008003bd8                __libc_init_array
 *(.glue_7)
 .glue_7        0x0000000008003c20        0x0 linker stubs
 *(.glue_7t)
 .glue_7t       0x0000000008003c20        0x0 linker stubs
 *(.eh_frame)
 .eh_frame      0x0000000008003c20        0x0 C:/ST/STM32CubeIDE_1.13.0/STM32CubeIDE/plugins/com.st.stm32cube.ide.mcu.externaltools.gnu-tools-for-stm32.11.3.rel1.win32_1.1.0.202305231506/tools/bin/../lib/gcc/arm-none-eabi/11.3.1/thumb/v7e-m+fp/hard/crtbegin.o
 *(.init)
 .init          0x0000000008003c20        0x4 C:/ST/STM32CubeIDE_1.13.0/STM32CubeIDE/plugins/com.st.stm32cube.ide.mcu.externaltools.gnu-tools-for-stm32.11.3.rel1.win32_1.1.0.202305231506/tools/bin/../lib/gcc/arm-none-eabi/11.3.1/thumb/v7e-m+fp/hard/crti.o
                0x0000000008003c20                _init
 .init          0x0000000008003c24        0x8 C:/ST/STM32CubeIDE_1.13.0/STM32CubeIDE/plugins/com.st.stm32cube.ide.mcu.externaltools.gnu-tools-for-stm32.11.3.rel1.win32_1.1.0.202305231506/tools/bin/../lib/gcc/arm-none-eabi/11.3.1/thumb/v7e-m+fp/hard/crtn.o
 *(.fini)
 .fini          0x0000000008003c2c        0x4 C:/ST/STM32CubeIDE_1.13.0/STM32CubeIDE/plugins/com.st.stm32cube.ide.mcu.externaltools.gnu-tools-for-stm32.11.3.rel1.win32_1.1.0.202305231506/tools/bin/../lib/gcc/arm-none-eabi/11.3.1/thumb/v7e-m+fp/hard/crti.o
                0x0000000008003c2c                _fini
 .fini          0x0000000008003c30        0x8 C:/ST/STM32CubeIDE_1.13.0/STM32CubeIDE/plugins/com.st.stm32cube.ide.mcu.externaltools.gnu-tools-for-stm32.11.3.rel1.win32_1.1.0.202305231506/tools/bin/../lib/gcc/arm-none-eabi/11.3.1/thumb/v7e-m+fp/hard/crtn.o
                0x0000000008003c38                . = ALIGN (0x4)
                0x0000000008003c38                _etext = .

.vfp11_veneer   0x0000000008003c38        0x0
 .vfp11_veneer  0x0000000008003c38        0x0 linker stubs

.v4_bx          0x0000000008003c38        0x0
 .v4_bx         0x0000000008003c38        0x0 linker stubs

.iplt           0x0000000008003c38        0x0
 .iplt          0x0000000008003c38        0x0 C:/ST/STM32CubeIDE_1.13.0/STM32CubeIDE/plugins/com.st.stm32cube.ide.mcu.externaltools.gnu-tools-for-stm32.11.3.rel1.win32_1.1.0.202305231506/tools/bin/../lib/gcc/arm-none-eabi/11.3.1/thumb/v7e-m+fp/hard/crtbegin.o

.rodata         0x0000000008003c38       0xf4
                0x0000000008003c38                . = ALIGN (0x4)
 *(.rodata)
 .rodata        0x0000000008003c38       0x2c ./Drivers/STM32WBxx_HAL_Driver/Src/stm32wbxx_hal_rcc.o
 *(.rodata*)
 .rodata.AHBPrescTable
                0x0000000008003c64       0x40 ./Core/Src/system_stm32wbxx.o
                0x0000000008003c64                AHBPrescTable
 .rodata.APBPrescTable
                0x0000000008003ca4       0x20 ./Core/Src/system_stm32wbxx.o
                0x0000000008003ca4                APBPrescTable
 .rodata.MSIRangeTable
                0x0000000008003cc4       0x40 ./Core/Src/system_stm32wbxx.o
                0x0000000008003cc4                MSIRangeTable
 .rodata.UARTPrescTable
                0x0000000008003d04       0x18 ./Drivers/STM32WBxx_HAL_Driver/Src/stm32wbxx_hal_uart.o
                0x0000000008003d04                UARTPrescTable
 .rodata.numerator.1
                0x0000000008003d1c        0x8 ./Drivers/STM32WBxx_HAL_Driver/Src/stm32wbxx_hal_uart_ex.o
 .rodata.denominator.0
                0x0000000008003d24        0x8 ./Drivers/STM32WBxx_HAL_Driver/Src/stm32wbxx_hal_uart_ex.o
                0x0000000008003d2c                . = ALIGN (0x4)

.ARM.extab
 *(.ARM.extab* .gnu.linkonce.armextab.*)

.ARM            0x0000000008003d2c        0x8
                0x0000000008003d2c                __exidx_start = .
 *(.ARM.exidx*)
 .ARM.exidx     0x0000000008003d2c        0x8 C:/ST/STM32CubeIDE_1.13.0/STM32CubeIDE/plugins/com.st.stm32cube.ide.mcu.externaltools.gnu-tools-for-stm32.11.3.rel1.win32_1.1.0.202305231506/tools/bin/../lib/gcc/arm-none-eabi/11.3.1/thumb/v7e-m+fp/hard\libgcc.a(_udivmoddi4.o)
                0x0000000008003d34                __exidx_end = .

.rel.dyn        0x0000000008003d34        0x0
 .rel.iplt      0x0000000008003d34        0x0 C:/ST/STM32CubeIDE_1.13.0/STM32CubeIDE/plugins/com.st.stm32cube.ide.mcu.externaltools.gnu-tools-for-stm32.11.3.rel1.win32_1.1.0.202305231506/tools/bin/../lib/gcc/arm-none-eabi/11.3.1/thumb/v7e-m+fp/hard/crtbegin.o

.preinit_array  0x0000000008003d34        0x0
                0x0000000008003d34                PROVIDE (__preinit_array_start = .)
 *(.preinit_array*)
                0x0000000008003d34                PROVIDE (__preinit_array_end = .)

.init_array     0x0000000008003d34        0x4
                0x0000000008003d34                PROVIDE (__init_array_start = .)
 *(SORT_BY_NAME(.init_array.*))
 *(.init_array*)
 .init_array    0x0000000008003d34        0x4 C:/ST/STM32CubeIDE_1.13.0/STM32CubeIDE/plugins/com.st.stm32cube.ide.mcu.externaltools.gnu-tools-for-stm32.11.3.rel1.win32_1.1.0.202305231506/tools/bin/../lib/gcc/arm-none-eabi/11.3.1/thumb/v7e-m+fp/hard/crtbegin.o
                0x0000000008003d38                PROVIDE (__init_array_end = .)

.fini_array     0x0000000008003d38        0x4
                [!provide]                        PROVIDE (__fini_array_start = .)
 *(SORT_BY_NAME(.fini_array.*))
 *(.fini_array*)
 .fini_array    0x0000000008003d38        0x4 C:/ST/STM32CubeIDE_1.13.0/STM32CubeIDE/plugins/com.st.stm32cube.ide.mcu.externaltools.gnu-tools-for-stm32.11.3.rel1.win32_1.1.0.202305231506/tools/bin/../lib/gcc/arm-none-eabi/11.3.1/thumb/v7e-m+fp/hard/crtbegin.o
                [!provide]                        PROVIDE (__fini_array_end = .)
                0x0000000008003d3c                _sidata = LOADADDR (.data)

.data           0x0000000020000008        0xc load address 0x0000000008003d3c
                0x0000000020000008                . = ALIGN (0x4)
                0x0000000020000008                _sdata = .
 *(.data)
 *(.data*)
 .data.SystemCoreClock
                0x0000000020000008        0x4 ./Core/Src/system_stm32wbxx.o
                0x0000000020000008                SystemCoreClock
 .data.uwTickPrio
                0x000000002000000c        0x4 ./Drivers/STM32WBxx_HAL_Driver/Src/stm32wbxx_hal.o
                0x000000002000000c                uwTickPrio
 .data.uwTickFreq
                0x0000000020000010        0x1 ./Drivers/STM32WBxx_HAL_Driver/Src/stm32wbxx_hal.o
                0x0000000020000010                uwTickFreq
 *(.RamFunc)
 *(.RamFunc*)
                0x0000000020000014                . = ALIGN (0x4)
 *fill*         0x0000000020000011        0x3 
                0x0000000020000014                _edata = .

.igot.plt       0x0000000020000014        0x0 load address 0x0000000008003d48
 .igot.plt      0x0000000020000014        0x0 C:/ST/STM32CubeIDE_1.13.0/STM32CubeIDE/plugins/com.st.stm32cube.ide.mcu.externaltools.gnu-tools-for-stm32.11.3.rel1.win32_1.1.0.202305231506/tools/bin/../lib/gcc/arm-none-eabi/11.3.1/thumb/v7e-m+fp/hard/crtbegin.o
                0x0000000020000014                . = ALIGN (0x4)

.bss            0x0000000020000014      0x3a8 load address 0x0000000008003d48
                0x0000000020000014                _sbss = .
                0x0000000020000014                __bss_start__ = _sbss
 *(.bss)
 .bss           0x0000000020000014       0x1c C:/ST/STM32CubeIDE_1.13.0/STM32CubeIDE/plugins/com.st.stm32cube.ide.mcu.externaltools.gnu-tools-for-stm32.11.3.rel1.win32_1.1.0.202305231506/tools/bin/../lib/gcc/arm-none-eabi/11.3.1/thumb/v7e-m+fp/hard/crtbegin.o
 *(.bss*)
 .bss.huart1    0x0000000020000030       0x94 ./Core/Src/main.o
                0x0000000020000030                huart1
 .bss.hpcd_USB_FS
                0x00000000200000c4      0x2f4 ./Core/Src/main.o
                0x00000000200000c4                hpcd_USB_FS
 .bss.uwTick    0x00000000200003b8        0x4 ./Drivers/STM32WBxx_HAL_Driver/Src/stm32wbxx_hal.o
                0x00000000200003b8                uwTick
 *(COMMON)
                0x00000000200003bc                . = ALIGN (0x4)
                0x00000000200003bc                _ebss = .
                0x00000000200003bc                __bss_end__ = _ebss

._user_heap_stack
                0x00000000200003bc      0x604 load address 0x0000000008003d48
                0x00000000200003c0                . = ALIGN (0x8)
 *fill*         0x00000000200003bc        0x4 
                [!provide]                        PROVIDE (end = .)
                0x00000000200003c0                PROVIDE (_end = .)
                0x00000000200005c0                . = (. + _Min_Heap_Size)
 *fill*         0x00000000200003c0      0x200 
                0x00000000200009c0                . = (. + _Min_Stack_Size)
 *fill*         0x00000000200005c0      0x400 
                0x00000000200009c0                . = ALIGN (0x8)

/DISCARD/
 libc.a(*)
 libm.a(*)
 libgcc.a(*)

.ARM.attributes
                0x0000000000000000       0x30
 *(.ARM.attributes)
 .ARM.attributes
                0x0000000000000000       0x1e C:/ST/STM32CubeIDE_1.13.0/STM32CubeIDE/plugins/com.st.stm32cube.ide.mcu.externaltools.gnu-tools-for-stm32.11.3.rel1.win32_1.1.0.202305231506/tools/bin/../lib/gcc/arm-none-eabi/11.3.1/thumb/v7e-m+fp/hard/crti.o
 .ARM.attributes
                0x000000000000001e       0x34 C:/ST/STM32CubeIDE_1.13.0/STM32CubeIDE/plugins/com.st.stm32cube.ide.mcu.externaltools.gnu-tools-for-stm32.11.3.rel1.win32_1.1.0.202305231506/tools/bin/../lib/gcc/arm-none-eabi/11.3.1/thumb/v7e-m+fp/hard/crtbegin.o
 .ARM.attributes
                0x0000000000000052       0x34 ./Core/Src/main.o
 .ARM.attributes
                0x0000000000000086       0x34 ./Core/Src/stm32wbxx_hal_msp.o
 .ARM.attributes
                0x00000000000000ba       0x34 ./Core/Src/stm32wbxx_it.o
 .ARM.attributes
                0x00000000000000ee       0x34 ./Core/Src/system_stm32wbxx.o
 .ARM.attributes
                0x0000000000000122       0x21 ./Core/Startup/startup_stm32wb55rgvx.o
 .ARM.attributes
                0x0000000000000143       0x34 ./Drivers/STM32WBxx_HAL_Driver/Src/stm32wbxx_hal.o
 .ARM.attributes
                0x0000000000000177       0x34 ./Drivers/STM32WBxx_HAL_Driver/Src/stm32wbxx_hal_cortex.o
 .ARM.attributes
                0x00000000000001ab       0x34 ./Drivers/STM32WBxx_HAL_Driver/Src/stm32wbxx_hal_gpio.o
 .ARM.attributes
                0x00000000000001df       0x34 ./Drivers/STM32WBxx_HAL_Driver/Src/stm32wbxx_hal_pcd.o
 .ARM.attributes
                0x0000000000000213       0x34 ./Drivers/STM32WBxx_HAL_Driver/Src/stm32wbxx_hal_pcd_ex.o
 .ARM.attributes
                0x0000000000000247       0x34 ./Drivers/STM32WBxx_HAL_Driver/Src/stm32wbxx_hal_pwr.o
 .ARM.attributes
                0x000000000000027b       0x34 ./Drivers/STM32WBxx_HAL_Driver/Src/stm32wbxx_hal_pwr_ex.o
 .ARM.attributes
                0x00000000000002af       0x34 ./Drivers/STM32WBxx_HAL_Driver/Src/stm32wbxx_hal_rcc.o
 .ARM.attributes
                0x00000000000002e3       0x34 ./Drivers/STM32WBxx_HAL_Driver/Src/stm32wbxx_hal_rcc_ex.o
 .ARM.attributes
                0x0000000000000317       0x34 ./Drivers/STM32WBxx_HAL_Driver/Src/stm32wbxx_hal_uart.o
 .ARM.attributes
                0x000000000000034b       0x34 ./Drivers/STM32WBxx_HAL_Driver/Src/stm32wbxx_hal_uart_ex.o
 .ARM.attributes
                0x000000000000037f       0x34 ./Drivers/STM32WBxx_HAL_Driver/Src/stm32wbxx_ll_usb.o
 .ARM.attributes
                0x00000000000003b3       0x34 C:/ST/STM32CubeIDE_1.13.0/STM32CubeIDE/plugins/com.st.stm32cube.ide.mcu.externaltools.gnu-tools-for-stm32.11.3.rel1.win32_1.1.0.202305231506/tools/bin/../lib/gcc/arm-none-eabi/11.3.1/../../../../arm-none-eabi/lib/thumb/v7e-m+fp/hard\libc_nano.a(libc_a-memset.o)
 .ARM.attributes
                0x00000000000003e7       0x34 C:/ST/STM32CubeIDE_1.13.0/STM32CubeIDE/plugins/com.st.stm32cube.ide.mcu.externaltools.gnu-tools-for-stm32.11.3.rel1.win32_1.1.0.202305231506/tools/bin/../lib/gcc/arm-none-eabi/11.3.1/../../../../arm-none-eabi/lib/thumb/v7e-m+fp/hard\libc_nano.a(libc_a-init.o)
 .ARM.attributes
                0x000000000000041b       0x1e C:/ST/STM32CubeIDE_1.13.0/STM32CubeIDE/plugins/com.st.stm32cube.ide.mcu.externaltools.gnu-tools-for-stm32.11.3.rel1.win32_1.1.0.202305231506/tools/bin/../lib/gcc/arm-none-eabi/11.3.1/thumb/v7e-m+fp/hard\libgcc.a(_aeabi_uldivmod.o)
 .ARM.attributes
                0x0000000000000439       0x34 C:/ST/STM32CubeIDE_1.13.0/STM32CubeIDE/plugins/com.st.stm32cube.ide.mcu.externaltools.gnu-tools-for-stm32.11.3.rel1.win32_1.1.0.202305231506/tools/bin/../lib/gcc/arm-none-eabi/11.3.1/thumb/v7e-m+fp/hard\libgcc.a(_udivmoddi4.o)
 .ARM.attributes
                0x000000000000046d       0x1e C:/ST/STM32CubeIDE_1.13.0/STM32CubeIDE/plugins/com.st.stm32cube.ide.mcu.externaltools.gnu-tools-for-stm32.11.3.rel1.win32_1.1.0.202305231506/tools/bin/../lib/gcc/arm-none-eabi/11.3.1/thumb/v7e-m+fp/hard\libgcc.a(_dvmd_tls.o)
 .ARM.attributes
                0x000000000000048b       0x1e C:/ST/STM32CubeIDE_1.13.0/STM32CubeIDE/plugins/com.st.stm32cube.ide.mcu.externaltools.gnu-tools-for-stm32.11.3.rel1.win32_1.1.0.202305231506/tools/bin/../lib/gcc/arm-none-eabi/11.3.1/thumb/v7e-m+fp/hard/crtn.o

MAPPING_TABLE
 *(MAPPING_TABLE)

MB_MEM1
 *(MB_MEM1)
                0x0000000008003d48                _siMB_MEM2 = LOADADDR (.MB_MEM2)

.MB_MEM2        0x0000000020030000        0x0 load address 0x0000000008003d48
                0x0000000020030000                _sMB_MEM2 = .
 *(MB_MEM2)
                0x0000000020030000                _eMB_MEM2 = .
OUTPUT(pre-init.elf elf32-littlearm)
LOAD linker stubs
LOAD C:/ST/STM32CubeIDE_1.13.0/STM32CubeIDE/plugins/com.st.stm32cube.ide.mcu.externaltools.gnu-tools-for-stm32.11.3.rel1.win32_1.1.0.202305231506/tools/bin/../lib/gcc/arm-none-eabi/11.3.1/../../../../arm-none-eabi/lib/thumb/v7e-m+fp/hard\libc.a
LOAD C:/ST/STM32CubeIDE_1.13.0/STM32CubeIDE/plugins/com.st.stm32cube.ide.mcu.externaltools.gnu-tools-for-stm32.11.3.rel1.win32_1.1.0.202305231506/tools/bin/../lib/gcc/arm-none-eabi/11.3.1/../../../../arm-none-eabi/lib/thumb/v7e-m+fp/hard\libm.a
LOAD C:/ST/STM32CubeIDE_1.13.0/STM32CubeIDE/plugins/com.st.stm32cube.ide.mcu.externaltools.gnu-tools-for-stm32.11.3.rel1.win32_1.1.0.202305231506/tools/bin/../lib/gcc/arm-none-eabi/11.3.1/thumb/v7e-m+fp/hard\libgcc.a

.comment        0x0000000000000000       0x43
 .comment       0x0000000000000000       0x43 C:/ST/STM32CubeIDE_1.13.0/STM32CubeIDE/plugins/com.st.stm32cube.ide.mcu.externaltools.gnu-tools-for-stm32.11.3.rel1.win32_1.1.0.202305231506/tools/bin/../lib/gcc/arm-none-eabi/11.3.1/thumb/v7e-m+fp/hard/crtbegin.o
                                         0x44 (size before relaxing)
 .comment       0x0000000000000043       0x44 ./Core/Src/main.o
 .comment       0x0000000000000043       0x44 ./Core/Src/stm32wbxx_hal_msp.o
 .comment       0x0000000000000043       0x44 ./Core/Src/stm32wbxx_it.o
 .comment       0x0000000000000043       0x44 ./Core/Src/system_stm32wbxx.o
 .comment       0x0000000000000043       0x44 ./Drivers/STM32WBxx_HAL_Driver/Src/stm32wbxx_hal.o
 .comment       0x0000000000000043       0x44 ./Drivers/STM32WBxx_HAL_Driver/Src/stm32wbxx_hal_cortex.o
 .comment       0x0000000000000043       0x44 ./Drivers/STM32WBxx_HAL_Driver/Src/stm32wbxx_hal_gpio.o
 .comment       0x0000000000000043       0x44 ./Drivers/STM32WBxx_HAL_Driver/Src/stm32wbxx_hal_pcd.o
 .comment       0x0000000000000043       0x44 ./Drivers/STM32WBxx_HAL_Driver/Src/stm32wbxx_hal_pcd_ex.o
 .comment       0x0000000000000043       0x44 ./Drivers/STM32WBxx_HAL_Driver/Src/stm32wbxx_hal_pwr.o
 .comment       0x0000000000000043       0x44 ./Drivers/STM32WBxx_HAL_Driver/Src/stm32wbxx_hal_pwr_ex.o
 .comment       0x0000000000000043       0x44 ./Drivers/STM32WBxx_HAL_Driver/Src/stm32wbxx_hal_rcc.o
 .comment       0x0000000000000043       0x44 ./Drivers/STM32WBxx_HAL_Driver/Src/stm32wbxx_hal_rcc_ex.o
 .comment       0x0000000000000043       0x44 ./Drivers/STM32WBxx_HAL_Driver/Src/stm32wbxx_hal_uart.o
 .comment       0x0000000000000043       0x44 ./Drivers/STM32WBxx_HAL_Driver/Src/stm32wbxx_hal_uart_ex.o
 .comment       0x0000000000000043       0x44 ./Drivers/STM32WBxx_HAL_Driver/Src/stm32wbxx_ll_usb.o

.debug_info     0x0000000000000000    0x136ce
 .debug_info    0x0000000000000000     0x1a76 ./Core/Src/main.o
 .debug_info    0x0000000000001a76     0x143d ./Core/Src/stm32wbxx_hal_msp.o
 .debug_info    0x0000000000002eb3      0x238 ./Core/Src/stm32wbxx_it.o
 .debug_info    0x00000000000030eb      0x703 ./Core/Src/system_stm32wbxx.o
 .debug_info    0x00000000000037ee       0x23 ./Core/Startup/startup_stm32wb55rgvx.o
 .debug_info    0x0000000000003811     0x12ae ./Drivers/STM32WBxx_HAL_Driver/Src/stm32wbxx_hal.o
 .debug_info    0x0000000000004abf      0xc81 ./Drivers/STM32WBxx_HAL_Driver/Src/stm32wbxx_hal_cortex.o
 .debug_info    0x0000000000005740      0x6aa ./Drivers/STM32WBxx_HAL_Driver/Src/stm32wbxx_hal_gpio.o
 .debug_info    0x0000000000005dea     0x161b ./Drivers/STM32WBxx_HAL_Driver/Src/stm32wbxx_hal_pcd.o
 .debug_info    0x0000000000007405      0x80a ./Drivers/STM32WBxx_HAL_Driver/Src/stm32wbxx_hal_pcd_ex.o
 .debug_info    0x0000000000007c0f      0x904 ./Drivers/STM32WBxx_HAL_Driver/Src/stm32wbxx_hal_pwr.o
 .debug_info    0x0000000000008513     0x105d ./Drivers/STM32WBxx_HAL_Driver/Src/stm32wbxx_hal_pwr_ex.o
 .debug_info    0x0000000000009570     0x14db ./Drivers/STM32WBxx_HAL_Driver/Src/stm32wbxx_hal_rcc.o
 .debug_info    0x000000000000aa4b     0x1c40 ./Drivers/STM32WBxx_HAL_Driver/Src/stm32wbxx_hal_rcc_ex.o
 .debug_info    0x000000000000c68b     0x49f4 ./Drivers/STM32WBxx_HAL_Driver/Src/stm32wbxx_hal_uart.o
 .debug_info    0x000000000001107f      0xfe4 ./Drivers/STM32WBxx_HAL_Driver/Src/stm32wbxx_hal_uart_ex.o
 .debug_info    0x0000000000012063     0x166b ./Drivers/STM32WBxx_HAL_Driver/Src/stm32wbxx_ll_usb.o

.debug_abbrev   0x0000000000000000     0x28ff
 .debug_abbrev  0x0000000000000000      0x319 ./Core/Src/main.o
 .debug_abbrev  0x0000000000000319      0x258 ./Core/Src/stm32wbxx_hal_msp.o
 .debug_abbrev  0x0000000000000571      0x108 ./Core/Src/stm32wbxx_it.o
 .debug_abbrev  0x0000000000000679      0x13b ./Core/Src/system_stm32wbxx.o
 .debug_abbrev  0x00000000000007b4       0x12 ./Core/Startup/startup_stm32wb55rgvx.o
 .debug_abbrev  0x00000000000007c6      0x367 ./Drivers/STM32WBxx_HAL_Driver/Src/stm32wbxx_hal.o
 .debug_abbrev  0x0000000000000b2d      0x319 ./Drivers/STM32WBxx_HAL_Driver/Src/stm32wbxx_hal_cortex.o
 .debug_abbrev  0x0000000000000e46      0x1e5 ./Drivers/STM32WBxx_HAL_Driver/Src/stm32wbxx_hal_gpio.o
 .debug_abbrev  0x000000000000102b      0x2b9 ./Drivers/STM32WBxx_HAL_Driver/Src/stm32wbxx_hal_pcd.o
 .debug_abbrev  0x00000000000012e4      0x228 ./Drivers/STM32WBxx_HAL_Driver/Src/stm32wbxx_hal_pcd_ex.o
 .debug_abbrev  0x000000000000150c      0x205 ./Drivers/STM32WBxx_HAL_Driver/Src/stm32wbxx_hal_pwr.o
 .debug_abbrev  0x0000000000001711      0x31c ./Drivers/STM32WBxx_HAL_Driver/Src/stm32wbxx_hal_pwr_ex.o
 .debug_abbrev  0x0000000000001a2d      0x31b ./Drivers/STM32WBxx_HAL_Driver/Src/stm32wbxx_hal_rcc.o
 .debug_abbrev  0x0000000000001d48      0x35a ./Drivers/STM32WBxx_HAL_Driver/Src/stm32wbxx_hal_rcc_ex.o
 .debug_abbrev  0x00000000000020a2      0x343 ./Drivers/STM32WBxx_HAL_Driver/Src/stm32wbxx_hal_uart.o
 .debug_abbrev  0x00000000000023e5      0x2d3 ./Drivers/STM32WBxx_HAL_Driver/Src/stm32wbxx_hal_uart_ex.o
 .debug_abbrev  0x00000000000026b8      0x247 ./Drivers/STM32WBxx_HAL_Driver/Src/stm32wbxx_ll_usb.o

.debug_aranges  0x0000000000000000     0x1430
 .debug_aranges
                0x0000000000000000       0x68 ./Core/Src/main.o
 .debug_aranges
                0x0000000000000068       0x68 ./Core/Src/stm32wbxx_hal_msp.o
 .debug_aranges
                0x00000000000000d0       0x70 ./Core/Src/stm32wbxx_it.o
 .debug_aranges
                0x0000000000000140       0x28 ./Core/Src/system_stm32wbxx.o
 .debug_aranges
                0x0000000000000168       0x30 ./Core/Startup/startup_stm32wb55rgvx.o
 .debug_aranges
                0x0000000000000198      0x280 ./Drivers/STM32WBxx_HAL_Driver/Src/stm32wbxx_hal.o
 .debug_aranges
                0x0000000000000418      0x108 ./Drivers/STM32WBxx_HAL_Driver/Src/stm32wbxx_hal_cortex.o
 .debug_aranges
                0x0000000000000520       0x60 ./Drivers/STM32WBxx_HAL_Driver/Src/stm32wbxx_hal_gpio.o
 .debug_aranges
                0x0000000000000580      0x138 ./Drivers/STM32WBxx_HAL_Driver/Src/stm32wbxx_hal_pcd.o
 .debug_aranges
                0x00000000000006b8       0x58 ./Drivers/STM32WBxx_HAL_Driver/Src/stm32wbxx_hal_pcd_ex.o
 .debug_aranges
                0x0000000000000710       0xd0 ./Drivers/STM32WBxx_HAL_Driver/Src/stm32wbxx_hal_pwr.o
 .debug_aranges
                0x00000000000007e0      0x288 ./Drivers/STM32WBxx_HAL_Driver/Src/stm32wbxx_hal_pwr_ex.o
 .debug_aranges
                0x0000000000000a68      0x270 ./Drivers/STM32WBxx_HAL_Driver/Src/stm32wbxx_hal_rcc.o
 .debug_aranges
                0x0000000000000cd8      0x390 ./Drivers/STM32WBxx_HAL_Driver/Src/stm32wbxx_hal_rcc_ex.o
 .debug_aranges
                0x0000000000001068      0x258 ./Drivers/STM32WBxx_HAL_Driver/Src/stm32wbxx_hal_uart.o
 .debug_aranges
                0x00000000000012c0       0xa8 ./Drivers/STM32WBxx_HAL_Driver/Src/stm32wbxx_hal_uart_ex.o
 .debug_aranges
                0x0000000000001368       0xc8 ./Drivers/STM32WBxx_HAL_Driver/Src/stm32wbxx_ll_usb.o

.debug_rnglists
                0x0000000000000000      0xf5a
 .debug_rnglists
                0x0000000000000000       0x4c ./Core/Src/main.o
 .debug_rnglists
                0x000000000000004c       0x4b ./Core/Src/stm32wbxx_hal_msp.o
 .debug_rnglists
                0x0000000000000097       0x4f ./Core/Src/stm32wbxx_it.o
 .debug_rnglists
                0x00000000000000e6       0x1b ./Core/Src/system_stm32wbxx.o
 .debug_rnglists
                0x0000000000000101       0x1f ./Core/Startup/startup_stm32wb55rgvx.o
 .debug_rnglists
                0x0000000000000120      0x1db ./Drivers/STM32WBxx_HAL_Driver/Src/stm32wbxx_hal.o
 .debug_rnglists
                0x00000000000002fb       0xc2 ./Drivers/STM32WBxx_HAL_Driver/Src/stm32wbxx_hal_cortex.o
 .debug_rnglists
                0x00000000000003bd       0x45 ./Drivers/STM32WBxx_HAL_Driver/Src/stm32wbxx_hal_gpio.o
 .debug_rnglists
                0x0000000000000402       0xee ./Drivers/STM32WBxx_HAL_Driver/Src/stm32wbxx_hal_pcd.o
 .debug_rnglists
                0x00000000000004f0       0x3f ./Drivers/STM32WBxx_HAL_Driver/Src/stm32wbxx_hal_pcd_ex.o
 .debug_rnglists
                0x000000000000052f       0x99 ./Drivers/STM32WBxx_HAL_Driver/Src/stm32wbxx_hal_pwr.o
 .debug_rnglists
                0x00000000000005c8      0x1e8 ./Drivers/STM32WBxx_HAL_Driver/Src/stm32wbxx_hal_pwr_ex.o
 .debug_rnglists
                0x00000000000007b0      0x1d6 ./Drivers/STM32WBxx_HAL_Driver/Src/stm32wbxx_hal_rcc.o
 .debug_rnglists
                0x0000000000000986      0x2b6 ./Drivers/STM32WBxx_HAL_Driver/Src/stm32wbxx_hal_rcc_ex.o
 .debug_rnglists
                0x0000000000000c3c      0x206 ./Drivers/STM32WBxx_HAL_Driver/Src/stm32wbxx_hal_uart.o
 .debug_rnglists
                0x0000000000000e42       0x7f ./Drivers/STM32WBxx_HAL_Driver/Src/stm32wbxx_hal_uart_ex.o
 .debug_rnglists
                0x0000000000000ec1       0x99 ./Drivers/STM32WBxx_HAL_Driver/Src/stm32wbxx_ll_usb.o

.debug_macro    0x0000000000000000    0x20ff5
 .debug_macro   0x0000000000000000      0x241 ./Core/Src/main.o
 .debug_macro   0x0000000000000241      0xaa8 ./Core/Src/main.o
 .debug_macro   0x0000000000000ce9      0x130 ./Core/Src/main.o
 .debug_macro   0x0000000000000e19       0x2e ./Core/Src/main.o
 .debug_macro   0x0000000000000e47       0x2e ./Core/Src/main.o
 .debug_macro   0x0000000000000e75       0x22 ./Core/Src/main.o
 .debug_macro   0x0000000000000e97       0x8e ./Core/Src/main.o
 .debug_macro   0x0000000000000f25       0x51 ./Core/Src/main.o
 .debug_macro   0x0000000000000f76      0x103 ./Core/Src/main.o
 .debug_macro   0x0000000000001079       0x6a ./Core/Src/main.o
 .debug_macro   0x00000000000010e3      0x1df ./Core/Src/main.o
 .debug_macro   0x00000000000012c2       0x1c ./Core/Src/main.o
 .debug_macro   0x00000000000012de       0x22 ./Core/Src/main.o
 .debug_macro   0x0000000000001300       0xfb ./Core/Src/main.o
 .debug_macro   0x00000000000013fb     0x1011 ./Core/Src/main.o
 .debug_macro   0x000000000000240c      0x11f ./Core/Src/main.o
 .debug_macro   0x000000000000252b    0x12adb ./Core/Src/main.o
 .debug_macro   0x0000000000015006       0x6c ./Core/Src/main.o
 .debug_macro   0x0000000000015072     0x34c5 ./Core/Src/main.o
 .debug_macro   0x0000000000018537      0x174 ./Core/Src/main.o
 .debug_macro   0x00000000000186ab       0x5c ./Core/Src/main.o
 .debug_macro   0x0000000000018707      0x3f5 ./Core/Src/main.o
 .debug_macro   0x0000000000018afc      0x286 ./Core/Src/main.o
 .debug_macro   0x0000000000018d82      0x30d ./Core/Src/main.o
 .debug_macro   0x000000000001908f      0x17e ./Core/Src/main.o
 .debug_macro   0x000000000001920d       0x43 ./Core/Src/main.o
 .debug_macro   0x0000000000019250      0x236 ./Core/Src/main.o
 .debug_macro   0x0000000000019486      0x24a ./Core/Src/main.o
 .debug_macro   0x00000000000196d0      0x57b ./Core/Src/main.o
 .debug_macro   0x0000000000019c4b       0x2e ./Core/Src/main.o
 .debug_macro   0x0000000000019c79      0x100 ./Core/Src/main.o
 .debug_macro   0x0000000000019d79      0x1ba ./Core/Src/main.o
 .debug_macro   0x0000000000019f33      0x1cd ./Core/Src/main.o
 .debug_macro   0x000000000001a100       0x73 ./Core/Src/main.o
 .debug_macro   0x000000000001a173      0x22d ./Core/Src/main.o
 .debug_macro   0x000000000001a3a0      0x381 ./Core/Src/main.o
 .debug_macro   0x000000000001a721      0x13d ./Core/Src/main.o
 .debug_macro   0x000000000001a85e      0x141 ./Core/Src/main.o
 .debug_macro   0x000000000001a99f      0x4ff ./Core/Src/main.o
 .debug_macro   0x000000000001ae9e      0x874 ./Core/Src/main.o
 .debug_macro   0x000000000001b712      0x259 ./Core/Src/main.o
 .debug_macro   0x000000000001b96b     0x1bb1 ./Core/Src/main.o
 .debug_macro   0x000000000001d51c       0xe4 ./Core/Src/main.o
 .debug_macro   0x000000000001d600      0x5e7 ./Core/Src/main.o
 .debug_macro   0x000000000001dbe7      0x693 ./Core/Src/main.o
 .debug_macro   0x000000000001e27a       0xa6 ./Core/Src/main.o
 .debug_macro   0x000000000001e320      0x557 ./Core/Src/main.o
 .debug_macro   0x000000000001e877      0x433 ./Core/Src/main.o
 .debug_macro   0x000000000001ecaa       0x7c ./Core/Src/main.o
 .debug_macro   0x000000000001ed26      0x241 ./Core/Src/stm32wbxx_hal_msp.o
 .debug_macro   0x000000000001ef67      0x24b ./Core/Src/stm32wbxx_it.o
 .debug_macro   0x000000000001f1b2      0x232 ./Core/Src/system_stm32wbxx.o
 .debug_macro   0x000000000001f3e4      0x256 ./Drivers/STM32WBxx_HAL_Driver/Src/stm32wbxx_hal.o
 .debug_macro   0x000000000001f63a      0x232 ./Drivers/STM32WBxx_HAL_Driver/Src/stm32wbxx_hal_cortex.o
 .debug_macro   0x000000000001f86c      0x239 ./Drivers/STM32WBxx_HAL_Driver/Src/stm32wbxx_hal_gpio.o
 .debug_macro   0x000000000001faa5      0x23e ./Drivers/STM32WBxx_HAL_Driver/Src/stm32wbxx_hal_pcd.o
 .debug_macro   0x000000000001fce3      0x232 ./Drivers/STM32WBxx_HAL_Driver/Src/stm32wbxx_hal_pcd_ex.o
 .debug_macro   0x000000000001ff15      0x2a4 ./Drivers/STM32WBxx_HAL_Driver/Src/stm32wbxx_hal_pwr.o
 .debug_macro   0x00000000000201b9      0x244 ./Drivers/STM32WBxx_HAL_Driver/Src/stm32wbxx_hal_pwr_ex.o
 .debug_macro   0x00000000000203fd      0x2a4 ./Drivers/STM32WBxx_HAL_Driver/Src/stm32wbxx_hal_rcc.o
 .debug_macro   0x00000000000206a1      0x287 ./Drivers/STM32WBxx_HAL_Driver/Src/stm32wbxx_hal_rcc_ex.o
 .debug_macro   0x0000000000020928      0x25d ./Drivers/STM32WBxx_HAL_Driver/Src/stm32wbxx_hal_uart.o
 .debug_macro   0x0000000000020b85      0x23e ./Drivers/STM32WBxx_HAL_Driver/Src/stm32wbxx_hal_uart_ex.o
 .debug_macro   0x0000000000020dc3      0x232 ./Drivers/STM32WBxx_HAL_Driver/Src/stm32wbxx_ll_usb.o

.debug_line     0x0000000000000000    0x11bef
 .debug_line    0x0000000000000000      0x9f2 ./Core/Src/main.o
 .debug_line    0x00000000000009f2      0x970 ./Core/Src/stm32wbxx_hal_msp.o
 .debug_line    0x0000000000001362      0x901 ./Core/Src/stm32wbxx_it.o
 .debug_line    0x0000000000001c63      0x8ae ./Core/Src/system_stm32wbxx.o
 .debug_line    0x0000000000002511       0x83 ./Core/Startup/startup_stm32wb55rgvx.o
 .debug_line    0x0000000000002594     0x1093 ./Drivers/STM32WBxx_HAL_Driver/Src/stm32wbxx_hal.o
 .debug_line    0x0000000000003627      0xd5d ./Drivers/STM32WBxx_HAL_Driver/Src/stm32wbxx_hal_cortex.o
 .debug_line    0x0000000000004384      0xc3e ./Drivers/STM32WBxx_HAL_Driver/Src/stm32wbxx_hal_gpio.o
 .debug_line    0x0000000000004fc2     0x144e ./Drivers/STM32WBxx_HAL_Driver/Src/stm32wbxx_hal_pcd.o
 .debug_line    0x0000000000006410      0x976 ./Drivers/STM32WBxx_HAL_Driver/Src/stm32wbxx_hal_pcd_ex.o
 .debug_line    0x0000000000006d86      0xab8 ./Drivers/STM32WBxx_HAL_Driver/Src/stm32wbxx_hal_pwr.o
 .debug_line    0x000000000000783e     0x11fc ./Drivers/STM32WBxx_HAL_Driver/Src/stm32wbxx_hal_pwr_ex.o
 .debug_line    0x0000000000008a3a     0x18ab ./Drivers/STM32WBxx_HAL_Driver/Src/stm32wbxx_hal_rcc.o
 .debug_line    0x000000000000a2e5     0x1d35 ./Drivers/STM32WBxx_HAL_Driver/Src/stm32wbxx_hal_rcc_ex.o
 .debug_line    0x000000000000c01a     0x3ca6 ./Drivers/STM32WBxx_HAL_Driver/Src/stm32wbxx_hal_uart.o
 .debug_line    0x000000000000fcc0      0xe59 ./Drivers/STM32WBxx_HAL_Driver/Src/stm32wbxx_hal_uart_ex.o
 .debug_line    0x0000000000010b19     0x10d6 ./Drivers/STM32WBxx_HAL_Driver/Src/stm32wbxx_ll_usb.o

.debug_str      0x0000000000000000    0xd4d87
 .debug_str     0x0000000000000000    0xd021a ./Core/Src/main.o
                                      0xd0d1a (size before relaxing)
 .debug_str     0x00000000000d021a       0xf3 ./Core/Src/stm32wbxx_hal_msp.o
                                      0xd060b (size before relaxing)
 .debug_str     0x00000000000d030d      0x119 ./Core/Src/stm32wbxx_it.o
                                      0xcf97e (size before relaxing)
 .debug_str     0x00000000000d0426      0x105 ./Core/Src/system_stm32wbxx.o
                                      0xcf9a8 (size before relaxing)
 .debug_str     0x00000000000d052b       0x34 ./Core/Startup/startup_stm32wb55rgvx.o
                                         0x6f (size before relaxing)
 .debug_str     0x00000000000d055f      0xa2e ./Drivers/STM32WBxx_HAL_Driver/Src/stm32wbxx_hal.o
                                      0xd088e (size before relaxing)
 .debug_str     0x00000000000d0f8d      0x31e ./Drivers/STM32WBxx_HAL_Driver/Src/stm32wbxx_hal_cortex.o
                                      0xd000e (size before relaxing)
 .debug_str     0x00000000000d12ab      0x120 ./Drivers/STM32WBxx_HAL_Driver/Src/stm32wbxx_hal_gpio.o
                                      0xcf982 (size before relaxing)
 .debug_str     0x00000000000d13cb      0x55e ./Drivers/STM32WBxx_HAL_Driver/Src/stm32wbxx_hal_pcd.o
                                      0xd002e (size before relaxing)
 .debug_str     0x00000000000d1929      0x186 ./Drivers/STM32WBxx_HAL_Driver/Src/stm32wbxx_hal_pcd_ex.o
                                      0xcfc6a (size before relaxing)
 .debug_str     0x00000000000d1aaf      0x5b7 ./Drivers/STM32WBxx_HAL_Driver/Src/stm32wbxx_hal_pwr.o
                                      0xcfe18 (size before relaxing)
 .debug_str     0x00000000000d2066      0x826 ./Drivers/STM32WBxx_HAL_Driver/Src/stm32wbxx_hal_pwr_ex.o
                                      0xd0319 (size before relaxing)
 .debug_str     0x00000000000d288c      0xb3f ./Drivers/STM32WBxx_HAL_Driver/Src/stm32wbxx_hal_rcc.o
                                      0xd0806 (size before relaxing)
 .debug_str     0x00000000000d33cb      0xc7d ./Drivers/STM32WBxx_HAL_Driver/Src/stm32wbxx_hal_rcc_ex.o
                                      0xd0c2f (size before relaxing)
 .debug_str     0x00000000000d4048      0x9fc ./Drivers/STM32WBxx_HAL_Driver/Src/stm32wbxx_hal_uart.o
                                      0xd0988 (size before relaxing)
 .debug_str     0x00000000000d4a44      0x26b ./Drivers/STM32WBxx_HAL_Driver/Src/stm32wbxx_hal_uart_ex.o
                                      0xd0074 (size before relaxing)
 .debug_str     0x00000000000d4caf       0xd8 ./Drivers/STM32WBxx_HAL_Driver/Src/stm32wbxx_ll_usb.o
                                      0xcfb6b (size before relaxing)

.debug_frame    0x0000000000000000     0x5488
 .debug_frame   0x0000000000000000      0x158 ./Core/Src/main.o
 .debug_frame   0x0000000000000158      0x188 ./Core/Src/stm32wbxx_hal_msp.o
 .debug_frame   0x00000000000002e0      0x13c ./Core/Src/stm32wbxx_it.o
 .debug_frame   0x000000000000041c       0x58 ./Core/Src/system_stm32wbxx.o
 .debug_frame   0x0000000000000474      0xa34 ./Drivers/STM32WBxx_HAL_Driver/Src/stm32wbxx_hal.o
 .debug_frame   0x0000000000000ea8      0x44c ./Drivers/STM32WBxx_HAL_Driver/Src/stm32wbxx_hal_cortex.o
 .debug_frame   0x00000000000012f4      0x174 ./Drivers/STM32WBxx_HAL_Driver/Src/stm32wbxx_hal_gpio.o
 .debug_frame   0x0000000000001468      0x574 ./Drivers/STM32WBxx_HAL_Driver/Src/stm32wbxx_hal_pcd.o
 .debug_frame   0x00000000000019dc      0x14c ./Drivers/STM32WBxx_HAL_Driver/Src/stm32wbxx_hal_pcd_ex.o
 .debug_frame   0x0000000000001b28      0x344 ./Drivers/STM32WBxx_HAL_Driver/Src/stm32wbxx_hal_pwr.o
 .debug_frame   0x0000000000001e6c      0xb00 ./Drivers/STM32WBxx_HAL_Driver/Src/stm32wbxx_hal_pwr_ex.o
 .debug_frame   0x000000000000296c      0xa0c ./Drivers/STM32WBxx_HAL_Driver/Src/stm32wbxx_hal_rcc.o
 .debug_frame   0x0000000000003378      0xf38 ./Drivers/STM32WBxx_HAL_Driver/Src/stm32wbxx_hal_rcc_ex.o
 .debug_frame   0x00000000000042b0      0xae4 ./Drivers/STM32WBxx_HAL_Driver/Src/stm32wbxx_hal_uart.o
 .debug_frame   0x0000000000004d94      0x2c0 ./Drivers/STM32WBxx_HAL_Driver/Src/stm32wbxx_hal_uart_ex.o
 .debug_frame   0x0000000000005054      0x388 ./Drivers/STM32WBxx_HAL_Driver/Src/stm32wbxx_ll_usb.o
 .debug_frame   0x00000000000053dc       0x20 C:/ST/STM32CubeIDE_1.13.0/STM32CubeIDE/plugins/com.st.stm32cube.ide.mcu.externaltools.gnu-tools-for-stm32.11.3.rel1.win32_1.1.0.202305231506/tools/bin/../lib/gcc/arm-none-eabi/11.3.1/../../../../arm-none-eabi/lib/thumb/v7e-m+fp/hard\libc_nano.a(libc_a-memset.o)
 .debug_frame   0x00000000000053fc       0x2c C:/ST/STM32CubeIDE_1.13.0/STM32CubeIDE/plugins/com.st.stm32cube.ide.mcu.externaltools.gnu-tools-for-stm32.11.3.rel1.win32_1.1.0.202305231506/tools/bin/../lib/gcc/arm-none-eabi/11.3.1/../../../../arm-none-eabi/lib/thumb/v7e-m+fp/hard\libc_nano.a(libc_a-init.o)
 .debug_frame   0x0000000000005428       0x2c C:/ST/STM32CubeIDE_1.13.0/STM32CubeIDE/plugins/com.st.stm32cube.ide.mcu.externaltools.gnu-tools-for-stm32.11.3.rel1.win32_1.1.0.202305231506/tools/bin/../lib/gcc/arm-none-eabi/11.3.1/thumb/v7e-m+fp/hard\libgcc.a(_aeabi_uldivmod.o)
 .debug_frame   0x0000000000005454       0x34 C:/ST/STM32CubeIDE_1.13.0/STM32CubeIDE/plugins/com.st.stm32cube.ide.mcu.externaltools.gnu-tools-for-stm32.11.3.rel1.win32_1.1.0.202305231506/tools/bin/../lib/gcc/arm-none-eabi/11.3.1/thumb/v7e-m+fp/hard\libgcc.a(_udivmoddi4.o)

.debug_line_str
                0x0000000000000000       0x63
 .debug_line_str
                0x0000000000000000       0x63 ./Core/Startup/startup_stm32wb55rgvx.o
                                         0x7b (size before relaxing)
