09:36:25 **** Incremental Build of configuration Debug for project do_an2_adc_ngat ****
make -j8 all 
arm-none-eabi-gcc "../Core/Src/main.c" -mcpu=cortex-m3 -std=gnu11 -g3 -DDEBUG -DUSE_HAL_DRIVER -DSTM32F103xB -c -I../Core/Inc -I../Drivers/STM32F1xx_HAL_Driver/Inc/Legacy -I../Drivers/STM32F1xx_HAL_Driver/Inc -I../Drivers/CMSIS/Device/ST/STM32F1xx/Include -I../Drivers/CMSIS/Include -O0 -ffunction-sections -fdata-sections -Wall -fstack-usage -fcyclomatic-complexity -MMD -MP -MF"Core/Src/main.d" -MT"Core/Src/main.o" --specs=nano.specs -mfloat-abi=soft -mthumb -o "Core/Src/main.o"
arm-none-eabi-gcc -o "do_an2_adc_ngat.elf" @"objects.list"   -mcpu=cortex-m3 -T"C:\Users\ACER\STM32CubeIDE\workspace_1.13.0\do_an2_adc_ngat\STM32F103C8TX_FLASH.ld" --specs=nosys.specs -Wl,-Map="do_an2_adc_ngat.map" -Wl,--gc-sections -static --specs=nano.specs -mfloat-abi=soft -mthumb -Wl,--start-group -lc -lm -Wl,--end-group
Finished building target: do_an2_adc_ngat.elf
 
arm-none-eabi-size   do_an2_adc_ngat.elf 
arm-none-eabi-objdump -h -S  do_an2_adc_ngat.elf  > "do_an2_adc_ngat.list"
arm-none-eabi-objcopy  -O ihex  do_an2_adc_ngat.elf  "do_an2_adc_ngat.hex"
   text	   data	    bss	    dec	    hex	filename
   7444	     20	   1620	   9084	   237c	do_an2_adc_ngat.elf
arm-none-eabi-objcopy  -O binary  do_an2_adc_ngat.elf  "do_an2_adc_ngat.bin"
Finished building: default.size.stdout
 
Finished building: do_an2_adc_ngat.hex
Finished building: do_an2_adc_ngat.bin
 
 
Finished building: do_an2_adc_ngat.list
 

09:36:26 Build Finished. 0 errors, 0 warnings. (took 710ms)

