15:16:32 **** Incremental Build of configuration Debug for project do_an_2_adc ****
make -j8 all 
arm-none-eabi-gcc "../Core/Src/main.c" -mcpu=cortex-m3 -std=gnu11 -g3 -DDEBUG -DUSE_HAL_DRIVER -DSTM32F103xB -c -I../Core/Inc -I../Drivers/STM32F1xx_HAL_Driver/Inc/Legacy -I../Drivers/STM32F1xx_HAL_Driver/Inc -I../Drivers/CMSIS/Device/ST/STM32F1xx/Include -I../Drivers/CMSIS/Include -O0 -ffunction-sections -fdata-sections -Wall -fstack-usage -fcyclomatic-complexity -MMD -MP -MF"Core/Src/main.d" -MT"Core/Src/main.o" --specs=nano.specs -mfloat-abi=soft -mthumb -o "Core/Src/main.o"
../Core/Src/main.c: In function 'main':
../Core/Src/main.c:109:38: warning: pointer targets in passing argument 2 of 'HAL_UART_Transmit' differ in signedness [-Wpointer-sign]
  109 |           HAL_UART_Transmit(&huart1, buffer, strlen(buffer), 10);
      |                                      ^~~~~~
      |                                      |
      |                                      char *
In file included from ../Core/Inc/stm32f1xx_hal_conf.h:338,
                 from ../Drivers/STM32F1xx_HAL_Driver/Inc/stm32f1xx_hal.h:29,
                 from ../Core/Inc/main.h:30,
                 from ../Core/Src/main.c:20:
../Drivers/STM32F1xx_HAL_Driver/Inc/stm32f1xx_hal_uart.h:749:79: note: expected 'const uint8_t *' {aka 'const unsigned char *'} but argument is of type 'char *'
  749 | HAL_StatusTypeDef HAL_UART_Transmit(UART_HandleTypeDef *huart, const uint8_t *pData, uint16_t Size, uint32_t Timeout);
      |                                                                ~~~~~~~~~~~~~~~^~~~~
arm-none-eabi-gcc -o "do_an_2_adc.elf" @"objects.list"   -mcpu=cortex-m3 -T"C:\Users\ACER\STM32CubeIDE\workspace_1.13.0\do_an_2_adc\STM32F103C8TX_FLASH.ld" --specs=nosys.specs -Wl,-Map="do_an_2_adc.map" -Wl,--gc-sections -static --specs=nano.specs -mfloat-abi=soft -mthumb -Wl,--start-group -lc -lm -Wl,--end-group
Finished building target: do_an_2_adc.elf
 
arm-none-eabi-size   do_an_2_adc.elf 
arm-none-eabi-objdump -h -S  do_an_2_adc.elf  > "do_an_2_adc.list"
arm-none-eabi-objcopy  -O ihex  do_an_2_adc.elf  "do_an_2_adc.hex"
   text	   data	    bss	    dec	    hex	filename
  10720	    100	   2028	  12848	   3230	do_an_2_adc.elf
arm-none-eabi-objcopy  -O binary  do_an_2_adc.elf  "do_an_2_adc.bin"
Finished building: default.size.stdout
 
Finished building: do_an_2_adc.hex
Finished building: do_an_2_adc.bin
 
Finished building: do_an_2_adc.list
 
 

15:16:33 Build Finished. 0 errors, 1 warnings. (took 1s.399ms)

