07:21:28 **** Incremental Build of configuration Debug for project f411 ****
make -j8 all 
arm-none-eabi-gcc "../Core/Src/stm32f4xx_it.c" -mcpu=cortex-m4 -std=gnu11 -g3 -DDEBUG -DUSE_HAL_DRIVER -DSTM32F411xE -c -I../Core/Inc -I../Drivers/STM32F4xx_HAL_Driver/Inc -I../Drivers/STM32F4xx_HAL_Driver/Inc/Legacy -I../Drivers/CMSIS/Device/ST/STM32F4xx/Include -I../Drivers/CMSIS/Include -O0 -ffunction-sections -fdata-sections -Wall -fstack-usage -fcyclomatic-complexity -MMD -MP -MF"Core/Src/stm32f4xx_it.d" -MT"Core/Src/stm32f4xx_it.o" --specs=nano.specs -mfpu=fpv4-sp-d16 -mfloat-abi=hard -mthumb -o "Core/Src/stm32f4xx_it.o"
arm-none-eabi-gcc -o "f411.elf" @"objects.list"   -mcpu=cortex-m4 -T"C:\Users\ACER\STM32CubeIDE\workspace_1.13.0\f411\STM32F411VETX_FLASH.ld" --specs=nosys.specs -Wl,-Map="f411.map" -Wl,--gc-sections -static --specs=nano.specs -mfpu=fpv4-sp-d16 -mfloat-abi=hard -mthumb -Wl,--start-group -lc -lm -Wl,--end-group
Finished building target: f411.elf
 
arm-none-eabi-size   f411.elf 
arm-none-eabi-objdump -h -S  f411.elf  > "f411.list"
arm-none-eabi-objcopy  -O ihex  f411.elf  "f411.hex"
   text	   data	    bss	    dec	    hex	filename
  10584	     52	   1708	  12344	   3038	f411.elf
arm-none-eabi-objcopy  -O binary  f411.elf  "f411.bin"
Finished building: default.size.stdout
 
Finished building: f411.hex
Finished building: f411.bin
 
 
Finished building: f411.list
 

07:21:29 Build Finished. 0 errors, 0 warnings. (took 982ms)

