03:22:31 **** Incremental Build of configuration Debug for project lcd ****
make -j8 all 
arm-none-eabi-gcc "../Core/Src/main.c" -mcpu=cortex-m3 -std=gnu11 -g3 -DDEBUG -DUSE_HAL_DRIVER -DSTM32F103xB -c -I../Core/Inc -I../Drivers/STM32F1xx_HAL_Driver/Inc/Legacy -I../Drivers/STM32F1xx_HAL_Driver/Inc -I../Drivers/CMSIS/Device/ST/STM32F1xx/Include -I../Drivers/CMSIS/Include -O0 -ffunction-sections -fdata-sections -Wall -fstack-usage -fcyclomatic-complexity -MMD -MP -MF"Core/Src/main.d" -MT"Core/Src/main.o" --specs=nano.specs -mfloat-abi=soft -mthumb -o "Core/Src/main.o"
arm-none-eabi-gcc -o "lcd.elf" @"objects.list"   -mcpu=cortex-m3 -T"C:\Users\ACER\STM32CubeIDE\workspace_1.13.0\lcd\STM32F103C8TX_FLASH.ld" --specs=nosys.specs -Wl,-Map="lcd.map" -Wl,--gc-sections -static --specs=nano.specs -mfloat-abi=soft -mthumb -Wl,--start-group -lc -lm -Wl,--end-group
Finished building target: lcd.elf
 
arm-none-eabi-size   lcd.elf 
arm-none-eabi-objdump -h -S  lcd.elf  > "lcd.list"
arm-none-eabi-objcopy  -O ihex  lcd.elf  "lcd.hex"
   text	   data	    bss	    dec	    hex	filename
   4844	     20	   1572	   6436	   1924	lcd.elf
arm-none-eabi-objcopy  -O binary  lcd.elf  "lcd.bin"
Finished building: default.size.stdout
 
Finished building: lcd.hex
Finished building: lcd.bin
 
 
Finished building: lcd.list
 

03:22:31 Build Finished. 0 errors, 0 warnings. (took 823ms)

