19:11:23 **** Incremental Build of configuration Debug for project lcd_i2c ****
make -j8 all 
arm-none-eabi-gcc "../Core/Src/main.c" -mcpu=cortex-m3 -std=gnu11 -g3 -DDEBUG -DUSE_HAL_DRIVER -DSTM32F103xB -c -I../Core/Inc -I../Drivers/STM32F1xx_HAL_Driver/Inc/Legacy -I../Drivers/STM32F1xx_HAL_Driver/Inc -I../Drivers/CMSIS/Device/ST/STM32F1xx/Include -I../Drivers/CMSIS/Include -O0 -ffunction-sections -fdata-sections -Wall -fstack-usage -fcyclomatic-complexity -MMD -MP -MF"Core/Src/main.d" -MT"Core/Src/main.o" --specs=nano.specs -mfloat-abi=soft -mthumb -o "Core/Src/main.o"
arm-none-eabi-gcc -o "lcd_i2c.elf" @"objects.list"   -mcpu=cortex-m3 -T"C:\Users\ACER\STM32CubeIDE\workspace_1.13.0\lcd_i2c\STM32F103C8TX_FLASH.ld" --specs=nosys.specs -Wl,-Map="lcd_i2c.map" -Wl,--gc-sections -static --specs=nano.specs -mfloat-abi=soft -mthumb -Wl,--start-group -lc -lm -Wl,--end-group
Finished building target: lcd_i2c.elf
 
arm-none-eabi-size   lcd_i2c.elf 
arm-none-eabi-objdump -h -S  lcd_i2c.elf  > "lcd_i2c.list"
arm-none-eabi-objcopy  -O ihex  lcd_i2c.elf  "lcd_i2c.hex"
   text	   data	    bss	    dec	    hex	filename
   8344	     20	   1724	  10088	   2768	lcd_i2c.elf
arm-none-eabi-objcopy  -O binary  lcd_i2c.elf  "lcd_i2c.bin"
Finished building: default.size.stdout
 
Finished building: lcd_i2c.hex
Finished building: lcd_i2c.bin
 
 
Finished building: lcd_i2c.list
 

19:11:24 Build Finished. 0 errors, 0 warnings. (took 889ms)

