20:18:33 **** Incremental Build of configuration Debug for project usss ****
make -j8 all 
arm-none-eabi-gcc "../Core/Src/main.c" -mcpu=cortex-m4 -std=gnu11 -g3 -DDEBUG -DUSE_HAL_DRIVER -DSTM32F411xE -c -I../Core/Inc -I../Drivers/STM32F4xx_HAL_Driver/Inc -I../Drivers/STM32F4xx_HAL_Driver/Inc/Legacy -I../Drivers/CMSIS/Device/ST/STM32F4xx/Include -I../Drivers/CMSIS/Include -O0 -ffunction-sections -fdata-sections -Wall -fstack-usage -fcyclomatic-complexity -MMD -MP -MF"Core/Src/main.d" -MT"Core/Src/main.o" --specs=nano.specs -mfpu=fpv4-sp-d16 -mfloat-abi=hard -mthumb -o "Core/Src/main.o"
arm-none-eabi-gcc -o "usss.elf" @"objects.list"   -mcpu=cortex-m4 -T"C:\Users\ACER\STM32CubeIDE\workspace_1.13.0\usss\STM32F411VETX_FLASH.ld" --specs=nosys.specs -Wl,-Map="usss.map" -Wl,--gc-sections -static --specs=nano.specs -mfpu=fpv4-sp-d16 -mfloat-abi=hard -mthumb -Wl,--start-group -lc -lm -Wl,--end-group
Finished building target: usss.elf
 
arm-none-eabi-size   usss.elf 
arm-none-eabi-objdump -h -S  usss.elf  > "usss.list"
arm-none-eabi-objcopy  -O ihex  usss.elf  "usss.hex"
   text	   data	    bss	    dec	    hex	filename
   7880	     20	   1636	   9536	   2540	usss.elf
arm-none-eabi-objcopy  -O binary  usss.elf  "usss.bin"
Finished building: default.size.stdout
 
Finished building: usss.hex
Finished building: usss.bin
 
Finished building: usss.list
 
 

20:18:34 Build Finished. 0 errors, 0 warnings. (took 830ms)

