20:23:45 **** Incremental Build of configuration Debug for project wb ****
make -j8 all 
arm-none-eabi-gcc "../Core/Src/main.c" -mcpu=cortex-m4 -std=gnu11 -g3 -DDEBUG -DUSE_HAL_DRIVER -DSTM32WB55xx -c -I../Core/Inc -I../Drivers/STM32WBxx_HAL_Driver/Inc -I../Drivers/STM32WBxx_HAL_Driver/Inc/Legacy -I../Drivers/CMSIS/Device/ST/STM32WBxx/Include -I../Drivers/CMSIS/Include -O0 -ffunction-sections -fdata-sections -Wall -fstack-usage -fcyclomatic-complexity -MMD -MP -MF"Core/Src/main.d" -MT"Core/Src/main.o" --specs=nano.specs -mfpu=fpv4-sp-d16 -mfloat-abi=hard -mthumb -o "Core/Src/main.o"
../Core/Src/main.c: In function 'main':
../Core/Src/main.c:123:25: warning: unused variable 'var2' [-Wunused-variable]
  123 |   uint16_t var=0,var1=0,var2=0;
      |                         ^~~~
arm-none-eabi-gcc -o "wb.elf" @"objects.list"   -mcpu=cortex-m4 -T"C:\Users\ACER\STM32CubeIDE\workspace_1.13.0\wb\STM32WB55RGVX_FLASH.ld" --specs=nosys.specs -Wl,-Map="wb.map" -Wl,--gc-sections -static --specs=nano.specs -mfpu=fpv4-sp-d16 -mfloat-abi=hard -mthumb -Wl,--start-group -lc -lm -Wl,--end-group
Finished building target: wb.elf
 
arm-none-eabi-size   wb.elf 
arm-none-eabi-objdump -h -S  wb.elf  > "wb.list"
arm-none-eabi-objcopy  -O ihex  wb.elf  "wb.hex"
   text	   data	    bss	    dec	    hex	filename
  21532	     32	   2776	  24340	   5f14	wb.elf
arm-none-eabi-objcopy  -O binary  wb.elf  "wb.bin"
Finished building: default.size.stdout
 
Finished building: wb.hex
Finished building: wb.bin
 
 
Finished building: wb.list
 

20:23:47 Build Finished. 0 errors, 1 warnings. (took 1s.939ms)

